Autodetected device type: cuda
2026-09-15 22:47:41,873 - nanochat.common - [32m[1mINFO[0m - Distributed world size: 1
COMPUTE_DTYPE: torch.bfloat16 (auto-detected: CUDA SM 86 (bf16 supported))
GPU: NVIDIA GeForce RTX 3090 | Peak FLOPS (BF16): 7.10e+13
Training stage: sft | Input checkpoint source: sft
2026-09-15 22:47:41,874 - nanochat.checkpoint_manager - [32m[1mINFO[0m - Loading model from /local/s4414268/nanochat/results/task2_models/vocab_32768/chatsft_checkpoints/d2_bpb with step 928
2026-09-15 22:47:42,075 - nanochat.checkpoint_manager - [32m[1mINFO[0m - Building model with config: {'sequence_len': 2048, 'vocab_size': 32768, 'n_layer': 2, 'n_head': 1, 'n_kv_head': 1, 'n_embd': 128, 'window_pattern': 'SSSL'}
Inherited max_seq_len=2048 from pretrained checkpoint
Using device_batch_size=8
Inherited total_batch_size=524288 from pretrained checkpoint
Inherited embedding_lr=0.3 from pretrained checkpoint
Inherited unembedding_lr=0.004 from pretrained checkpoint
Inherited matrix_lr=0.02 from pretrained checkpoint
Tokens / micro-batch / rank: 8 x 2048 = 16,384
Tokens / micro-batch: 16,384
Total batch size 524,288 => gradient accumulation steps: 32
Scaling the LR for the AdamW parameters ∝1/√(128/768) = 2.449490
2026-09-15 22:47:43,751 - nanochat.checkpoint_manager - [32m[1mINFO[0m - Loading optimizer state from /local/s4414268/nanochat/results/task2_models/vocab_32768/chatsft_checkpoints/d2_bpb/optim_000928_rank0.pt
Loaded optimizer state from pretrained checkpoint (momentum buffers only, LRs reset)
Downloading https://huggingface.co/api/datasets/HuggingFaceTB/smol-smoltalk/parquet/default/train/0.parquet ...
Downloading https://huggingface.co/api/datasets/HuggingFaceTB/smol-smoltalk/parquet/default/train/1.parquet ...
Downloading https://huggingface.co/api/datasets/HuggingFaceTB/smol-smoltalk/parquet/default/train/2.parquet ...
Downloading https://huggingface.co/api/datasets/HuggingFaceTB/smol-smoltalk/parquet/default/train/3.parquet ...
Downloading https://huggingface.co/api/datasets/HuggingFaceTB/smol-smoltalk/parquet/default/test/0.parquet ...
Training mixture: 460,341 rows (SmolTalk only)
Validation mixture: 24,229 rows (SmolTalk only)
Step 00000 | Validation bpb: 2.7275
step 00001 (0.15%) | loss: 4.629081 | lrm: 1.00 | dt: 6781.92ms | tok/sec: 77,306 | mfu: 3.43 | epoch: 1 | total time: 0.00m
step 00002 (0.29%) | loss: 5.707920 | lrm: 1.00 | dt: 1170.25ms | tok/sec: 448,013 | mfu: 19.85 | epoch: 1 | total time: 0.00m
step 00003 (0.44%) | loss: 6.061801 | lrm: 1.00 | dt: 1023.09ms | tok/sec: 512,454 | mfu: 22.70 | epoch: 1 | total time: 0.00m
step 00004 (0.57%) | loss: 6.164347 | lrm: 1.00 | dt: 905.59ms | tok/sec: 578,943 | mfu: 25.65 | epoch: 1 | total time: 0.00m
step 00005 (0.71%) | loss: 6.125562 | lrm: 1.00 | dt: 918.85ms | tok/sec: 570,591 | mfu: 25.28 | epoch: 1 | total time: 0.00m
step 00006 (0.85%) | loss: 6.044061 | lrm: 1.00 | dt: 941.16ms | tok/sec: 557,063 | mfu: 24.68 | epoch: 1 | total time: 0.00m
step 00007 (0.98%) | loss: 6.032508 | lrm: 1.00 | dt: 939.73ms | tok/sec: 557,910 | mfu: 24.72 | epoch: 1 | total time: 0.00m
step 00008 (1.12%) | loss: 5.966785 | lrm: 1.00 | dt: 1015.16ms | tok/sec: 516,458 | mfu: 22.88 | epoch: 1 | total time: 0.00m
step 00009 (1.25%) | loss: 5.900179 | lrm: 1.00 | dt: 897.98ms | tok/sec: 583,850 | mfu: 25.87 | epoch: 1 | total time: 0.00m
step 00010 (1.39%) | loss: 5.843870 | lrm: 1.00 | dt: 970.42ms | tok/sec: 540,266 | mfu: 23.94 | epoch: 1 | total time: 0.00m
step 00011 (1.53%) | loss: 5.726458 | lrm: 1.00 | dt: 923.70ms | tok/sec: 567,598 | mfu: 25.15 | epoch: 1 | total time: 0.02m
step 00012 (1.66%) | loss: 5.659075 | lrm: 1.00 | dt: 978.14ms | tok/sec: 536,006 | mfu: 23.75 | epoch: 1 | total time: 0.03m
step 00013 (1.80%) | loss: 5.589468 | lrm: 1.00 | dt: 905.01ms | tok/sec: 579,315 | mfu: 25.67 | epoch: 1 | total time: 0.05m
step 00014 (1.94%) | loss: 5.517542 | lrm: 1.00 | dt: 919.97ms | tok/sec: 569,898 | mfu: 25.25 | epoch: 1 | total time: 0.06m
step 00015 (2.09%) | loss: 5.410387 | lrm: 1.00 | dt: 1018.29ms | tok/sec: 514,870 | mfu: 22.81 | epoch: 1 | total time: 0.08m
step 00016 (2.23%) | loss: 5.342171 | lrm: 1.00 | dt: 1012.57ms | tok/sec: 517,778 | mfu: 22.94 | epoch: 1 | total time: 0.10m
step 00017 (2.37%) | loss: 5.219088 | lrm: 1.00 | dt: 875.94ms | tok/sec: 598,540 | mfu: 26.52 | epoch: 1 | total time: 0.11m
step 00018 (2.51%) | loss: 5.147170 | lrm: 1.00 | dt: 936.26ms | tok/sec: 559,983 | mfu: 24.81 | epoch: 1 | total time: 0.13m
step 00019 (2.65%) | loss: 5.059573 | lrm: 1.00 | dt: 880.38ms | tok/sec: 595,525 | mfu: 26.39 | epoch: 1 | total time: 0.14m
step 00020 (2.79%) | loss: 5.002364 | lrm: 1.00 | dt: 878.73ms | tok/sec: 596,640 | mfu: 26.43 | epoch: 1 | total time: 0.16m
step 00021 (2.92%) | loss: 4.967179 | lrm: 1.00 | dt: 994.24ms | tok/sec: 527,325 | mfu: 23.36 | epoch: 1 | total time: 0.17m
step 00022 (3.05%) | loss: 4.899514 | lrm: 1.00 | dt: 890.84ms | tok/sec: 588,534 | mfu: 26.08 | epoch: 1 | total time: 0.19m
step 00023 (3.20%) | loss: 4.840781 | lrm: 1.00 | dt: 975.57ms | tok/sec: 537,418 | mfu: 23.81 | epoch: 1 | total time: 0.20m
step 00024 (3.35%) | loss: 4.749456 | lrm: 1.00 | dt: 943.66ms | tok/sec: 555,591 | mfu: 24.62 | epoch: 1 | total time: 0.22m
step 00025 (3.49%) | loss: 4.699626 | lrm: 1.00 | dt: 963.18ms | tok/sec: 544,327 | mfu: 24.12 | epoch: 1 | total time: 0.23m
step 00026 (3.62%) | loss: 4.687718 | lrm: 1.00 | dt: 879.58ms | tok/sec: 596,068 | mfu: 26.41 | epoch: 1 | total time: 0.25m
step 00027 (3.76%) | loss: 4.611823 | lrm: 1.00 | dt: 857.52ms | tok/sec: 611,399 | mfu: 27.09 | epoch: 1 | total time: 0.26m
step 00028 (3.91%) | loss: 4.604164 | lrm: 1.00 | dt: 997.43ms | tok/sec: 525,636 | mfu: 23.29 | epoch: 1 | total time: 0.28m
step 00029 (4.05%) | loss: 4.594189 | lrm: 1.00 | dt: 908.56ms | tok/sec: 577,055 | mfu: 25.57 | epoch: 1 | total time: 0.30m
step 00030 (4.19%) | loss: 4.587664 | lrm: 1.00 | dt: 887.75ms | tok/sec: 590,579 | mfu: 26.17 | epoch: 1 | total time: 0.31m
step 00031 (4.32%) | loss: 4.546402 | lrm: 1.00 | dt: 901.48ms | tok/sec: 581,588 | mfu: 25.77 | epoch: 1 | total time: 0.33m
step 00032 (4.47%) | loss: 4.461310 | lrm: 1.00 | dt: 925.16ms | tok/sec: 566,701 | mfu: 25.11 | epoch: 1 | total time: 0.34m
step 00033 (4.59%) | loss: 4.439229 | lrm: 1.00 | dt: 916.95ms | tok/sec: 571,775 | mfu: 25.33 | epoch: 1 | total time: 0.36m
step 00034 (4.73%) | loss: 4.382208 | lrm: 1.00 | dt: 925.16ms | tok/sec: 566,701 | mfu: 25.11 | epoch: 1 | total time: 0.37m
step 00035 (4.86%) | loss: 4.346123 | lrm: 1.00 | dt: 872.23ms | tok/sec: 601,092 | mfu: 26.63 | epoch: 1 | total time: 0.39m
step 00036 (5.02%) | loss: 4.275294 | lrm: 1.00 | dt: 946.36ms | tok/sec: 554,005 | mfu: 24.55 | epoch: 1 | total time: 0.40m
step 00037 (5.15%) | loss: 4.278106 | lrm: 1.00 | dt: 904.37ms | tok/sec: 579,729 | mfu: 25.69 | epoch: 1 | total time: 0.42m
step 00038 (5.29%) | loss: 4.236120 | lrm: 1.00 | dt: 908.73ms | tok/sec: 576,948 | mfu: 25.56 | epoch: 1 | total time: 0.43m
step 00039 (5.43%) | loss: 4.213414 | lrm: 1.00 | dt: 922.54ms | tok/sec: 568,306 | mfu: 25.18 | epoch: 1 | total time: 0.45m
step 00040 (5.57%) | loss: 4.196367 | lrm: 1.00 | dt: 908.09ms | tok/sec: 577,354 | mfu: 25.58 | epoch: 1 | total time: 0.46m
step 00041 (5.70%) | loss: 4.160267 | lrm: 1.00 | dt: 911.38ms | tok/sec: 575,270 | mfu: 25.49 | epoch: 1 | total time: 0.48m
step 00042 (5.84%) | loss: 4.130764 | lrm: 1.00 | dt: 919.05ms | tok/sec: 570,465 | mfu: 25.28 | epoch: 1 | total time: 0.49m
step 00043 (5.98%) | loss: 4.078260 | lrm: 1.00 | dt: 991.07ms | tok/sec: 529,010 | mfu: 23.44 | epoch: 1 | total time: 0.51m
step 00044 (6.13%) | loss: 4.030928 | lrm: 1.00 | dt: 923.35ms | tok/sec: 567,812 | mfu: 25.16 | epoch: 1 | total time: 0.53m
step 00045 (6.26%) | loss: 4.006722 | lrm: 1.00 | dt: 863.93ms | tok/sec: 606,867 | mfu: 26.89 | epoch: 1 | total time: 0.54m
step 00046 (6.41%) | loss: 3.986843 | lrm: 1.00 | dt: 951.26ms | tok/sec: 551,152 | mfu: 24.42 | epoch: 1 | total time: 0.56m
step 00047 (6.55%) | loss: 3.959517 | lrm: 1.00 | dt: 911.25ms | tok/sec: 575,352 | mfu: 25.49 | epoch: 1 | total time: 0.57m
step 00048 (6.70%) | loss: 3.925456 | lrm: 1.00 | dt: 972.15ms | tok/sec: 539,309 | mfu: 23.89 | epoch: 1 | total time: 0.59m
step 00049 (6.86%) | loss: 3.935281 | lrm: 1.00 | dt: 963.49ms | tok/sec: 544,153 | mfu: 24.11 | epoch: 1 | total time: 0.60m
step 00050 (6.98%) | loss: 3.940315 | lrm: 1.00 | dt: 896.24ms | tok/sec: 584,988 | mfu: 25.92 | epoch: 1 | total time: 0.62m
Step 00050 | Validation bpb: 1.1511
step 00051 (7.12%) | loss: 3.942266 | lrm: 1.00 | dt: 886.32ms | tok/sec: 591,536 | mfu: 26.21 | epoch: 1 | total time: 0.63m
step 00052 (7.27%) | loss: 3.928179 | lrm: 1.00 | dt: 949.80ms | tok/sec: 552,000 | mfu: 24.46 | epoch: 1 | total time: 0.65m
step 00053 (7.40%) | loss: 3.863279 | lrm: 1.00 | dt: 858.20ms | tok/sec: 610,913 | mfu: 27.07 | epoch: 1 | total time: 0.66m
step 00054 (7.53%) | loss: 3.845238 | lrm: 1.00 | dt: 974.37ms | tok/sec: 538,078 | mfu: 23.84 | epoch: 1 | total time: 0.68m
step 00055 (7.66%) | loss: 3.823581 | lrm: 1.00 | dt: 949.06ms | tok/sec: 552,427 | mfu: 24.48 | epoch: 1 | total time: 0.69m
step 00056 (7.79%) | loss: 3.779884 | lrm: 1.00 | dt: 977.00ms | tok/sec: 536,629 | mfu: 23.78 | epoch: 1 | total time: 0.71m
step 00057 (7.93%) | loss: 3.746486 | lrm: 1.00 | dt: 994.89ms | tok/sec: 526,980 | mfu: 23.35 | epoch: 1 | total time: 0.73m
step 00058 (8.06%) | loss: 3.725469 | lrm: 1.00 | dt: 981.44ms | tok/sec: 534,205 | mfu: 23.67 | epoch: 1 | total time: 0.74m
step 00059 (8.21%) | loss: 3.704478 | lrm: 1.00 | dt: 1010.80ms | tok/sec: 518,683 | mfu: 22.98 | epoch: 1 | total time: 0.76m
step 00060 (8.34%) | loss: 3.686732 | lrm: 1.00 | dt: 905.94ms | tok/sec: 578,723 | mfu: 25.64 | epoch: 1 | total time: 0.78m
step 00061 (8.48%) | loss: 3.653698 | lrm: 1.00 | dt: 967.99ms | tok/sec: 541,627 | mfu: 24.00 | epoch: 1 | total time: 0.79m
step 00062 (8.63%) | loss: 3.626844 | lrm: 1.00 | dt: 937.23ms | tok/sec: 559,399 | mfu: 24.78 | epoch: 1 | total time: 0.81m
step 00063 (8.77%) | loss: 3.587454 | lrm: 1.00 | dt: 975.59ms | tok/sec: 537,405 | mfu: 23.81 | epoch: 1 | total time: 0.82m
step 00064 (8.90%) | loss: 3.575773 | lrm: 1.00 | dt: 933.05ms | tok/sec: 561,909 | mfu: 24.90 | epoch: 1 | total time: 0.84m
step 00065 (9.05%) | loss: 3.551616 | lrm: 1.00 | dt: 978.00ms | tok/sec: 536,082 | mfu: 23.75 | epoch: 1 | total time: 0.86m
step 00066 (9.18%) | loss: 3.545148 | lrm: 1.00 | dt: 881.09ms | tok/sec: 595,043 | mfu: 26.36 | epoch: 1 | total time: 0.87m
step 00067 (9.31%) | loss: 3.557253 | lrm: 1.00 | dt: 906.07ms | tok/sec: 578,637 | mfu: 25.64 | epoch: 1 | total time: 0.89m
step 00068 (9.46%) | loss: 3.547019 | lrm: 1.00 | dt: 957.83ms | tok/sec: 547,371 | mfu: 24.25 | epoch: 1 | total time: 0.90m
step 00069 (9.60%) | loss: 3.547601 | lrm: 1.00 | dt: 870.12ms | tok/sec: 602,545 | mfu: 26.70 | epoch: 1 | total time: 0.92m
step 00070 (9.74%) | loss: 3.571407 | lrm: 1.00 | dt: 949.33ms | tok/sec: 552,273 | mfu: 24.47 | epoch: 1 | total time: 0.93m
step 00071 (9.89%) | loss: 3.590180 | lrm: 1.00 | dt: 947.06ms | tok/sec: 553,593 | mfu: 24.53 | epoch: 1 | total time: 0.95m
step 00072 (10.04%) | loss: 3.570033 | lrm: 1.00 | dt: 974.13ms | tok/sec: 538,210 | mfu: 23.85 | epoch: 1 | total time: 0.96m
step 00073 (10.17%) | loss: 3.573502 | lrm: 1.00 | dt: 908.81ms | tok/sec: 576,897 | mfu: 25.56 | epoch: 1 | total time: 0.98m
step 00074 (10.31%) | loss: 3.557838 | lrm: 1.00 | dt: 906.54ms | tok/sec: 578,340 | mfu: 25.62 | epoch: 1 | total time: 0.99m
step 00075 (10.44%) | loss: 3.536927 | lrm: 1.00 | dt: 910.71ms | tok/sec: 575,689 | mfu: 25.51 | epoch: 1 | total time: 1.01m
step 00076 (10.58%) | loss: 3.506610 | lrm: 1.00 | dt: 918.84ms | tok/sec: 570,595 | mfu: 25.28 | epoch: 1 | total time: 1.02m
step 00077 (10.71%) | loss: 3.516234 | lrm: 1.00 | dt: 960.68ms | tok/sec: 545,744 | mfu: 24.18 | epoch: 1 | total time: 1.04m
step 00078 (10.85%) | loss: 3.517936 | lrm: 1.00 | dt: 908.69ms | tok/sec: 576,972 | mfu: 25.56 | epoch: 1 | total time: 1.06m
step 00079 (10.98%) | loss: 3.505178 | lrm: 1.00 | dt: 850.40ms | tok/sec: 616,517 | mfu: 27.32 | epoch: 1 | total time: 1.07m
step 00080 (11.12%) | loss: 3.488816 | lrm: 1.00 | dt: 941.89ms | tok/sec: 556,633 | mfu: 24.66 | epoch: 1 | total time: 1.09m
step 00081 (11.25%) | loss: 3.505363 | lrm: 1.00 | dt: 894.61ms | tok/sec: 586,049 | mfu: 25.97 | epoch: 1 | total time: 1.10m
step 00082 (11.39%) | loss: 3.492220 | lrm: 1.00 | dt: 919.93ms | tok/sec: 569,918 | mfu: 25.25 | epoch: 1 | total time: 1.12m
step 00083 (11.53%) | loss: 3.496409 | lrm: 1.00 | dt: 898.05ms | tok/sec: 583,808 | mfu: 25.87 | epoch: 1 | total time: 1.13m
step 00084 (11.67%) | loss: 3.468005 | lrm: 1.00 | dt: 962.02ms | tok/sec: 544,984 | mfu: 24.15 | epoch: 1 | total time: 1.15m
step 00085 (11.82%) | loss: 3.438953 | lrm: 1.00 | dt: 953.80ms | tok/sec: 549,686 | mfu: 24.35 | epoch: 1 | total time: 1.16m
step 00086 (11.96%) | loss: 3.445506 | lrm: 1.00 | dt: 906.41ms | tok/sec: 578,421 | mfu: 25.63 | epoch: 1 | total time: 1.18m
step 00087 (12.11%) | loss: 3.454588 | lrm: 1.00 | dt: 930.07ms | tok/sec: 563,708 | mfu: 24.98 | epoch: 1 | total time: 1.19m
step 00088 (12.24%) | loss: 3.422420 | lrm: 1.00 | dt: 895.02ms | tok/sec: 585,782 | mfu: 25.95 | epoch: 1 | total time: 1.21m
step 00089 (12.37%) | loss: 3.441405 | lrm: 1.00 | dt: 890.19ms | tok/sec: 588,960 | mfu: 26.09 | epoch: 1 | total time: 1.22m
step 00090 (12.51%) | loss: 3.439229 | lrm: 1.00 | dt: 934.91ms | tok/sec: 560,790 | mfu: 24.85 | epoch: 1 | total time: 1.24m
step 00091 (12.66%) | loss: 3.440602 | lrm: 1.00 | dt: 929.04ms | tok/sec: 564,332 | mfu: 25.00 | epoch: 1 | total time: 1.25m
step 00092 (12.79%) | loss: 3.365111 | lrm: 1.00 | dt: 891.84ms | tok/sec: 587,873 | mfu: 26.05 | epoch: 1 | total time: 1.27m
step 00093 (12.94%) | loss: 3.341632 | lrm: 1.00 | dt: 915.18ms | tok/sec: 572,879 | mfu: 25.38 | epoch: 1 | total time: 1.28m
step 00094 (13.09%) | loss: 3.316433 | lrm: 1.00 | dt: 951.74ms | tok/sec: 550,871 | mfu: 24.41 | epoch: 1 | total time: 1.30m
step 00095 (13.23%) | loss: 3.334432 | lrm: 1.00 | dt: 941.91ms | tok/sec: 556,619 | mfu: 24.66 | epoch: 1 | total time: 1.32m
step 00096 (13.35%) | loss: 3.323428 | lrm: 1.00 | dt: 840.57ms | tok/sec: 623,732 | mfu: 27.64 | epoch: 1 | total time: 1.33m
step 00097 (13.50%) | loss: 3.288789 | lrm: 1.00 | dt: 942.71ms | tok/sec: 556,152 | mfu: 24.64 | epoch: 1 | total time: 1.35m
step 00098 (13.65%) | loss: 3.263482 | lrm: 1.00 | dt: 987.49ms | tok/sec: 530,930 | mfu: 23.52 | epoch: 1 | total time: 1.36m
step 00099 (13.79%) | loss: 3.228619 | lrm: 1.00 | dt: 903.19ms | tok/sec: 580,486 | mfu: 25.72 | epoch: 1 | total time: 1.38m
step 00100 (13.94%) | loss: 3.202440 | lrm: 1.00 | dt: 940.72ms | tok/sec: 557,324 | mfu: 24.69 | epoch: 1 | total time: 1.39m
Step 00100 | Validation bpb: 1.0048
step 00101 (14.07%) | loss: 3.182574 | lrm: 1.00 | dt: 885.63ms | tok/sec: 591,997 | mfu: 26.23 | epoch: 1 | total time: 1.41m
step 00102 (14.22%) | loss: 3.194619 | lrm: 1.00 | dt: 976.61ms | tok/sec: 536,846 | mfu: 23.79 | epoch: 1 | total time: 1.42m
step 00103 (14.35%) | loss: 3.220298 | lrm: 1.00 | dt: 849.45ms | tok/sec: 617,205 | mfu: 27.35 | epoch: 1 | total time: 1.44m
step 00104 (14.49%) | loss: 3.240230 | lrm: 1.00 | dt: 912.06ms | tok/sec: 574,837 | mfu: 25.47 | epoch: 1 | total time: 1.45m
step 00105 (14.62%) | loss: 3.234581 | lrm: 1.00 | dt: 880.29ms | tok/sec: 595,585 | mfu: 26.39 | epoch: 1 | total time: 1.47m
step 00106 (14.75%) | loss: 3.224721 | lrm: 1.00 | dt: 887.56ms | tok/sec: 590,708 | mfu: 26.17 | epoch: 1 | total time: 1.48m
step 00107 (14.89%) | loss: 3.254570 | lrm: 1.00 | dt: 1013.61ms | tok/sec: 517,250 | mfu: 22.92 | epoch: 1 | total time: 1.50m
step 00108 (15.03%) | loss: 3.263540 | lrm: 1.00 | dt: 925.64ms | tok/sec: 566,406 | mfu: 25.10 | epoch: 1 | total time: 1.51m
step 00109 (15.17%) | loss: 3.270644 | lrm: 1.00 | dt: 928.19ms | tok/sec: 564,847 | mfu: 25.03 | epoch: 1 | total time: 1.53m
step 00110 (15.32%) | loss: 3.238228 | lrm: 1.00 | dt: 952.32ms | tok/sec: 550,537 | mfu: 24.39 | epoch: 1 | total time: 1.55m
step 00111 (15.45%) | loss: 3.228619 | lrm: 1.00 | dt: 909.45ms | tok/sec: 576,487 | mfu: 25.54 | epoch: 1 | total time: 1.56m
step 00112 (15.58%) | loss: 3.217323 | lrm: 1.00 | dt: 874.17ms | tok/sec: 599,758 | mfu: 26.57 | epoch: 1 | total time: 1.58m
step 00113 (15.72%) | loss: 3.223027 | lrm: 1.00 | dt: 950.76ms | tok/sec: 551,441 | mfu: 24.43 | epoch: 1 | total time: 1.59m
step 00114 (15.87%) | loss: 3.225132 | lrm: 1.00 | dt: 972.40ms | tok/sec: 539,169 | mfu: 23.89 | epoch: 1 | total time: 1.61m
step 00115 (16.01%) | loss: 3.201955 | lrm: 1.00 | dt: 956.31ms | tok/sec: 548,242 | mfu: 24.29 | epoch: 1 | total time: 1.62m
step 00116 (16.14%) | loss: 3.219481 | lrm: 1.00 | dt: 898.38ms | tok/sec: 583,595 | mfu: 25.86 | epoch: 1 | total time: 1.64m
step 00117 (16.28%) | loss: 3.191772 | lrm: 1.00 | dt: 939.33ms | tok/sec: 558,152 | mfu: 24.73 | epoch: 1 | total time: 1.65m
step 00118 (16.42%) | loss: 3.187602 | lrm: 1.00 | dt: 932.75ms | tok/sec: 562,085 | mfu: 24.90 | epoch: 1 | total time: 1.67m
step 00119 (16.56%) | loss: 3.190883 | lrm: 1.00 | dt: 866.43ms | tok/sec: 605,115 | mfu: 26.81 | epoch: 1 | total time: 1.68m
step 00120 (16.69%) | loss: 3.204234 | lrm: 1.00 | dt: 900.63ms | tok/sec: 582,136 | mfu: 25.79 | epoch: 1 | total time: 1.70m
step 00121 (16.83%) | loss: 3.184992 | lrm: 1.00 | dt: 942.99ms | tok/sec: 555,983 | mfu: 24.63 | epoch: 1 | total time: 1.72m
step 00122 (16.98%) | loss: 3.193921 | lrm: 1.00 | dt: 1031.83ms | tok/sec: 508,113 | mfu: 22.51 | epoch: 1 | total time: 1.73m
step 00123 (17.12%) | loss: 3.196207 | lrm: 1.00 | dt: 955.87ms | tok/sec: 548,493 | mfu: 24.30 | epoch: 1 | total time: 1.75m
step 00124 (17.27%) | loss: 3.236720 | lrm: 1.00 | dt: 950.03ms | tok/sec: 551,862 | mfu: 24.45 | epoch: 1 | total time: 1.76m
step 00125 (17.41%) | loss: 3.237036 | lrm: 1.00 | dt: 892.92ms | tok/sec: 587,162 | mfu: 26.02 | epoch: 1 | total time: 1.78m
step 00126 (17.55%) | loss: 3.226375 | lrm: 1.00 | dt: 887.58ms | tok/sec: 590,690 | mfu: 26.17 | epoch: 1 | total time: 1.79m
step 00127 (17.68%) | loss: 3.206469 | lrm: 1.00 | dt: 916.58ms | tok/sec: 572,001 | mfu: 25.34 | epoch: 1 | total time: 1.81m
step 00128 (17.82%) | loss: 3.175929 | lrm: 1.00 | dt: 936.60ms | tok/sec: 559,780 | mfu: 24.80 | epoch: 1 | total time: 1.82m
step 00129 (17.95%) | loss: 3.167817 | lrm: 1.00 | dt: 923.45ms | tok/sec: 567,749 | mfu: 25.15 | epoch: 1 | total time: 1.84m
step 00130 (18.10%) | loss: 3.144757 | lrm: 1.00 | dt: 911.62ms | tok/sec: 575,114 | mfu: 25.48 | epoch: 1 | total time: 1.86m
step 00131 (18.23%) | loss: 3.108849 | lrm: 1.00 | dt: 920.88ms | tok/sec: 569,335 | mfu: 25.23 | epoch: 1 | total time: 1.87m
step 00132 (18.37%) | loss: 3.107758 | lrm: 1.00 | dt: 908.03ms | tok/sec: 577,391 | mfu: 25.58 | epoch: 1 | total time: 1.89m
step 00133 (18.51%) | loss: 3.109266 | lrm: 1.00 | dt: 914.20ms | tok/sec: 573,493 | mfu: 25.41 | epoch: 1 | total time: 1.90m
step 00134 (18.64%) | loss: 3.112576 | lrm: 1.00 | dt: 925.75ms | tok/sec: 566,338 | mfu: 25.09 | epoch: 1 | total time: 1.92m
step 00135 (18.78%) | loss: 3.100714 | lrm: 1.00 | dt: 979.73ms | tok/sec: 535,133 | mfu: 23.71 | epoch: 1 | total time: 1.93m
step 00136 (18.91%) | loss: 3.105843 | lrm: 1.00 | dt: 892.89ms | tok/sec: 587,182 | mfu: 26.02 | epoch: 1 | total time: 1.95m
step 00137 (19.06%) | loss: 3.077395 | lrm: 1.00 | dt: 894.49ms | tok/sec: 586,132 | mfu: 25.97 | epoch: 1 | total time: 1.96m
step 00138 (19.19%) | loss: 3.075445 | lrm: 1.00 | dt: 869.96ms | tok/sec: 602,655 | mfu: 26.70 | epoch: 1 | total time: 1.98m
step 00139 (19.31%) | loss: 3.051686 | lrm: 1.00 | dt: 858.46ms | tok/sec: 610,733 | mfu: 27.06 | epoch: 1 | total time: 1.99m
step 00140 (19.45%) | loss: 3.084646 | lrm: 1.00 | dt: 876.55ms | tok/sec: 598,124 | mfu: 26.50 | epoch: 1 | total time: 2.01m
step 00141 (19.60%) | loss: 3.073703 | lrm: 1.00 | dt: 970.58ms | tok/sec: 540,179 | mfu: 23.93 | epoch: 1 | total time: 2.02m
step 00142 (19.73%) | loss: 3.068182 | lrm: 1.00 | dt: 902.04ms | tok/sec: 581,223 | mfu: 25.75 | epoch: 1 | total time: 2.04m
step 00143 (19.87%) | loss: 3.075701 | lrm: 1.00 | dt: 908.35ms | tok/sec: 577,186 | mfu: 25.57 | epoch: 1 | total time: 2.05m
step 00144 (20.01%) | loss: 3.103181 | lrm: 1.00 | dt: 940.20ms | tok/sec: 557,633 | mfu: 24.71 | epoch: 1 | total time: 2.07m
step 00145 (20.13%) | loss: 3.085905 | lrm: 1.00 | dt: 861.15ms | tok/sec: 608,823 | mfu: 26.97 | epoch: 1 | total time: 2.08m
step 00146 (20.28%) | loss: 3.084194 | lrm: 1.00 | dt: 989.34ms | tok/sec: 529,936 | mfu: 23.48 | epoch: 1 | total time: 2.10m
step 00147 (20.43%) | loss: 3.067752 | lrm: 1.00 | dt: 935.67ms | tok/sec: 560,336 | mfu: 24.83 | epoch: 1 | total time: 2.11m
step 00148 (20.58%) | loss: 3.033858 | lrm: 1.00 | dt: 961.63ms | tok/sec: 545,208 | mfu: 24.16 | epoch: 1 | total time: 2.13m
step 00149 (20.72%) | loss: 3.008818 | lrm: 1.00 | dt: 915.57ms | tok/sec: 572,634 | mfu: 25.37 | epoch: 1 | total time: 2.15m
step 00150 (20.85%) | loss: 3.017633 | lrm: 1.00 | dt: 892.97ms | tok/sec: 587,128 | mfu: 26.01 | epoch: 1 | total time: 2.16m
Step 00150 | Validation bpb: 0.9383
step 00151 (20.98%) | loss: 3.016764 | lrm: 1.00 | dt: 876.91ms | tok/sec: 597,883 | mfu: 26.49 | epoch: 1 | total time: 2.18m
step 00152 (21.12%) | loss: 3.028001 | lrm: 1.00 | dt: 912.38ms | tok/sec: 574,636 | mfu: 25.46 | epoch: 1 | total time: 2.19m
step 00153 (21.26%) | loss: 3.031145 | lrm: 1.00 | dt: 920.25ms | tok/sec: 569,722 | mfu: 25.24 | epoch: 1 | total time: 2.21m
step 00154 (21.40%) | loss: 3.001320 | lrm: 1.00 | dt: 983.70ms | tok/sec: 532,977 | mfu: 23.61 | epoch: 1 | total time: 2.22m
step 00155 (21.52%) | loss: 3.013289 | lrm: 1.00 | dt: 916.12ms | tok/sec: 572,291 | mfu: 25.36 | epoch: 1 | total time: 2.24m
step 00156 (21.65%) | loss: 2.978942 | lrm: 1.00 | dt: 890.08ms | tok/sec: 589,034 | mfu: 26.10 | epoch: 1 | total time: 2.25m
step 00157 (21.80%) | loss: 2.993690 | lrm: 1.00 | dt: 1002.53ms | tok/sec: 522,966 | mfu: 23.17 | epoch: 1 | total time: 2.27m
step 00158 (21.93%) | loss: 2.995132 | lrm: 1.00 | dt: 993.08ms | tok/sec: 527,942 | mfu: 23.39 | epoch: 1 | total time: 2.29m
step 00159 (22.07%) | loss: 3.022559 | lrm: 1.00 | dt: 893.25ms | tok/sec: 586,947 | mfu: 26.01 | epoch: 1 | total time: 2.30m
step 00160 (22.22%) | loss: 3.005859 | lrm: 1.00 | dt: 915.62ms | tok/sec: 572,605 | mfu: 25.37 | epoch: 1 | total time: 2.32m
step 00161 (22.36%) | loss: 3.009753 | lrm: 1.00 | dt: 989.97ms | tok/sec: 529,601 | mfu: 23.46 | epoch: 1 | total time: 2.33m
step 00162 (22.50%) | loss: 3.013412 | lrm: 1.00 | dt: 921.18ms | tok/sec: 569,147 | mfu: 25.22 | epoch: 1 | total time: 2.35m
step 00163 (22.63%) | loss: 3.014347 | lrm: 1.00 | dt: 880.62ms | tok/sec: 595,362 | mfu: 26.38 | epoch: 1 | total time: 2.36m
step 00164 (22.76%) | loss: 3.010090 | lrm: 1.00 | dt: 909.65ms | tok/sec: 576,361 | mfu: 25.54 | epoch: 1 | total time: 2.38m
step 00165 (22.90%) | loss: 3.006179 | lrm: 1.00 | dt: 888.59ms | tok/sec: 590,021 | mfu: 26.14 | epoch: 1 | total time: 2.39m
step 00166 (23.04%) | loss: 3.000679 | lrm: 1.00 | dt: 914.20ms | tok/sec: 573,492 | mfu: 25.41 | epoch: 1 | total time: 2.41m
step 00167 (23.18%) | loss: 2.988782 | lrm: 1.00 | dt: 988.43ms | tok/sec: 530,424 | mfu: 23.50 | epoch: 1 | total time: 2.42m
step 00168 (23.33%) | loss: 2.981406 | lrm: 1.00 | dt: 930.75ms | tok/sec: 563,298 | mfu: 24.96 | epoch: 1 | total time: 2.44m
step 00169 (23.47%) | loss: 3.043191 | lrm: 1.00 | dt: 908.31ms | tok/sec: 577,211 | mfu: 25.57 | epoch: 1 | total time: 2.45m
step 00170 (23.61%) | loss: 3.033361 | lrm: 1.00 | dt: 966.21ms | tok/sec: 542,620 | mfu: 24.04 | epoch: 1 | total time: 2.47m
step 00171 (23.75%) | loss: 3.032032 | lrm: 1.00 | dt: 921.02ms | tok/sec: 569,244 | mfu: 25.22 | epoch: 1 | total time: 2.49m
step 00172 (23.90%) | loss: 3.030925 | lrm: 1.00 | dt: 974.36ms | tok/sec: 538,084 | mfu: 23.84 | epoch: 1 | total time: 2.50m
step 00173 (24.04%) | loss: 3.015803 | lrm: 1.00 | dt: 882.69ms | tok/sec: 593,962 | mfu: 26.32 | epoch: 1 | total time: 2.52m
step 00174 (24.18%) | loss: 3.032329 | lrm: 1.00 | dt: 934.71ms | tok/sec: 560,908 | mfu: 24.85 | epoch: 1 | total time: 2.53m
step 00175 (24.32%) | loss: 3.015854 | lrm: 1.00 | dt: 865.00ms | tok/sec: 606,115 | mfu: 26.85 | epoch: 1 | total time: 2.55m
step 00176 (24.47%) | loss: 3.013631 | lrm: 1.00 | dt: 973.14ms | tok/sec: 538,761 | mfu: 23.87 | epoch: 1 | total time: 2.56m
step 00177 (24.60%) | loss: 3.012828 | lrm: 1.00 | dt: 871.84ms | tok/sec: 601,357 | mfu: 26.64 | epoch: 1 | total time: 2.58m
step 00178 (24.74%) | loss: 3.011310 | lrm: 1.00 | dt: 882.86ms | tok/sec: 593,854 | mfu: 26.31 | epoch: 1 | total time: 2.59m
step 00179 (24.88%) | loss: 3.022150 | lrm: 1.00 | dt: 972.10ms | tok/sec: 539,334 | mfu: 23.90 | epoch: 1 | total time: 2.61m
step 00180 (25.03%) | loss: 2.982716 | lrm: 1.00 | dt: 933.45ms | tok/sec: 561,664 | mfu: 24.89 | epoch: 1 | total time: 2.62m
step 00181 (25.16%) | loss: 2.953495 | lrm: 1.00 | dt: 965.74ms | tok/sec: 542,884 | mfu: 24.05 | epoch: 1 | total time: 2.64m
step 00182 (25.30%) | loss: 2.952169 | lrm: 1.00 | dt: 934.22ms | tok/sec: 561,202 | mfu: 24.86 | epoch: 1 | total time: 2.66m
step 00183 (25.43%) | loss: 2.939312 | lrm: 1.00 | dt: 959.74ms | tok/sec: 546,279 | mfu: 24.20 | epoch: 1 | total time: 2.67m
step 00184 (25.57%) | loss: 2.924820 | lrm: 1.00 | dt: 995.63ms | tok/sec: 526,588 | mfu: 23.33 | epoch: 1 | total time: 2.69m
step 00185 (25.70%) | loss: 2.900513 | lrm: 1.00 | dt: 926.85ms | tok/sec: 565,668 | mfu: 25.06 | epoch: 1 | total time: 2.70m
step 00186 (25.85%) | loss: 2.921655 | lrm: 1.00 | dt: 994.03ms | tok/sec: 527,439 | mfu: 23.37 | epoch: 1 | total time: 2.72m
step 00187 (25.99%) | loss: 2.921838 | lrm: 1.00 | dt: 912.78ms | tok/sec: 574,387 | mfu: 25.45 | epoch: 1 | total time: 2.74m
step 00188 (26.14%) | loss: 2.898895 | lrm: 1.00 | dt: 980.67ms | tok/sec: 534,623 | mfu: 23.69 | epoch: 1 | total time: 2.75m
step 00189 (26.28%) | loss: 2.905177 | lrm: 1.00 | dt: 976.79ms | tok/sec: 536,743 | mfu: 23.78 | epoch: 1 | total time: 2.77m
step 00190 (26.42%) | loss: 2.890946 | lrm: 1.00 | dt: 903.42ms | tok/sec: 580,338 | mfu: 25.71 | epoch: 1 | total time: 2.78m
step 00191 (26.56%) | loss: 2.902253 | lrm: 1.00 | dt: 910.67ms | tok/sec: 575,719 | mfu: 25.51 | epoch: 1 | total time: 2.80m
step 00192 (26.69%) | loss: 2.909862 | lrm: 1.00 | dt: 937.03ms | tok/sec: 559,519 | mfu: 24.79 | epoch: 1 | total time: 2.81m
step 00193 (26.84%) | loss: 2.907543 | lrm: 1.00 | dt: 969.16ms | tok/sec: 540,972 | mfu: 23.97 | epoch: 1 | total time: 2.83m
step 00194 (26.98%) | loss: 2.870747 | lrm: 1.00 | dt: 918.77ms | tok/sec: 570,644 | mfu: 25.28 | epoch: 1 | total time: 2.85m
step 00195 (27.11%) | loss: 2.831225 | lrm: 1.00 | dt: 899.21ms | tok/sec: 583,051 | mfu: 25.83 | epoch: 1 | total time: 2.86m
step 00196 (27.25%) | loss: 2.825449 | lrm: 1.00 | dt: 911.53ms | tok/sec: 575,171 | mfu: 25.48 | epoch: 1 | total time: 2.88m
step 00197 (27.40%) | loss: 2.829105 | lrm: 1.00 | dt: 960.91ms | tok/sec: 545,615 | mfu: 24.17 | epoch: 1 | total time: 2.89m
step 00198 (27.55%) | loss: 2.810215 | lrm: 1.00 | dt: 922.89ms | tok/sec: 568,091 | mfu: 25.17 | epoch: 1 | total time: 2.91m
step 00199 (27.69%) | loss: 2.802386 | lrm: 1.00 | dt: 912.77ms | tok/sec: 574,389 | mfu: 25.45 | epoch: 1 | total time: 2.92m
step 00200 (27.84%) | loss: 2.826319 | lrm: 1.00 | dt: 906.28ms | tok/sec: 578,505 | mfu: 25.63 | epoch: 1 | total time: 2.94m
Step 00200 | Validation bpb: 0.8987
step 00201 (27.99%) | loss: 2.848844 | lrm: 1.00 | dt: 999.12ms | tok/sec: 524,752 | mfu: 23.25 | epoch: 1 | total time: 2.95m
step 00202 (28.13%) | loss: 2.838763 | lrm: 1.00 | dt: 880.76ms | tok/sec: 595,267 | mfu: 26.37 | epoch: 1 | total time: 2.97m
step 00203 (28.27%) | loss: 2.824514 | lrm: 1.00 | dt: 919.70ms | tok/sec: 570,066 | mfu: 25.26 | epoch: 1 | total time: 2.98m
step 00204 (28.40%) | loss: 2.810034 | lrm: 1.00 | dt: 953.90ms | tok/sec: 549,628 | mfu: 24.35 | epoch: 1 | total time: 3.00m
step 00205 (28.53%) | loss: 2.785264 | lrm: 1.00 | dt: 946.95ms | tok/sec: 553,657 | mfu: 24.53 | epoch: 1 | total time: 3.02m
step 00206 (28.67%) | loss: 2.818434 | lrm: 1.00 | dt: 929.57ms | tok/sec: 564,013 | mfu: 24.99 | epoch: 1 | total time: 3.03m
step 00207 (28.80%) | loss: 2.815956 | lrm: 1.00 | dt: 961.17ms | tok/sec: 545,470 | mfu: 24.17 | epoch: 1 | total time: 3.05m
step 00208 (28.95%) | loss: 2.859300 | lrm: 1.00 | dt: 944.42ms | tok/sec: 555,140 | mfu: 24.60 | epoch: 1 | total time: 3.06m
step 00209 (29.08%) | loss: 2.850856 | lrm: 1.00 | dt: 913.19ms | tok/sec: 574,129 | mfu: 25.44 | epoch: 1 | total time: 3.08m
step 00210 (29.24%) | loss: 2.863230 | lrm: 1.00 | dt: 966.81ms | tok/sec: 542,285 | mfu: 24.03 | epoch: 1 | total time: 3.09m
step 00211 (29.38%) | loss: 2.857277 | lrm: 1.00 | dt: 973.40ms | tok/sec: 538,615 | mfu: 23.86 | epoch: 1 | total time: 3.11m
step 00212 (29.52%) | loss: 2.867985 | lrm: 1.00 | dt: 960.71ms | tok/sec: 545,730 | mfu: 24.18 | epoch: 1 | total time: 3.13m
step 00213 (29.65%) | loss: 2.860461 | lrm: 1.00 | dt: 944.96ms | tok/sec: 554,825 | mfu: 24.58 | epoch: 1 | total time: 3.14m
step 00214 (29.79%) | loss: 2.871901 | lrm: 1.00 | dt: 945.30ms | tok/sec: 554,626 | mfu: 24.57 | epoch: 1 | total time: 3.16m
step 00215 (29.92%) | loss: 2.871222 | lrm: 1.00 | dt: 965.80ms | tok/sec: 542,854 | mfu: 24.05 | epoch: 1 | total time: 3.17m
step 00216 (30.06%) | loss: 2.848844 | lrm: 1.00 | dt: 1034.21ms | tok/sec: 506,946 | mfu: 22.46 | epoch: 1 | total time: 3.19m
step 00217 (30.19%) | loss: 2.828841 | lrm: 1.00 | dt: 962.88ms | tok/sec: 544,497 | mfu: 24.12 | epoch: 1 | total time: 3.21m
step 00218 (30.32%) | loss: 2.860999 | lrm: 1.00 | dt: 999.89ms | tok/sec: 524,345 | mfu: 23.23 | epoch: 1 | total time: 3.22m
step 00219 (30.46%) | loss: 2.869367 | lrm: 1.00 | dt: 994.96ms | tok/sec: 526,941 | mfu: 23.35 | epoch: 1 | total time: 3.24m
step 00220 (30.59%) | loss: 2.881176 | lrm: 1.00 | dt: 939.81ms | tok/sec: 557,867 | mfu: 24.72 | epoch: 1 | total time: 3.26m
step 00221 (30.73%) | loss: 2.860336 | lrm: 1.00 | dt: 908.48ms | tok/sec: 577,107 | mfu: 25.57 | epoch: 1 | total time: 3.27m
step 00222 (30.87%) | loss: 2.843536 | lrm: 1.00 | dt: 944.64ms | tok/sec: 555,010 | mfu: 24.59 | epoch: 1 | total time: 3.29m
step 00223 (31.02%) | loss: 2.829960 | lrm: 1.00 | dt: 1031.35ms | tok/sec: 508,352 | mfu: 22.52 | epoch: 1 | total time: 3.30m
step 00224 (31.17%) | loss: 2.824712 | lrm: 1.00 | dt: 1035.62ms | tok/sec: 506,257 | mfu: 22.43 | epoch: 1 | total time: 3.32m
step 00225 (31.30%) | loss: 2.827181 | lrm: 1.00 | dt: 955.77ms | tok/sec: 548,549 | mfu: 24.30 | epoch: 1 | total time: 3.34m
step 00226 (31.44%) | loss: 2.801201 | lrm: 1.00 | dt: 982.73ms | tok/sec: 533,501 | mfu: 23.64 | epoch: 1 | total time: 3.35m
step 00227 (31.59%) | loss: 2.777761 | lrm: 1.00 | dt: 1094.85ms | tok/sec: 478,868 | mfu: 21.22 | epoch: 1 | total time: 3.37m
step 00228 (31.73%) | loss: 2.746152 | lrm: 1.00 | dt: 923.28ms | tok/sec: 567,856 | mfu: 25.16 | epoch: 1 | total time: 3.39m
step 00229 (31.88%) | loss: 2.791867 | lrm: 1.00 | dt: 1058.10ms | tok/sec: 495,498 | mfu: 21.95 | epoch: 1 | total time: 3.41m
step 00230 (32.01%) | loss: 2.810695 | lrm: 1.00 | dt: 950.01ms | tok/sec: 551,876 | mfu: 24.45 | epoch: 1 | total time: 3.42m
step 00231 (32.15%) | loss: 2.821432 | lrm: 1.00 | dt: 974.89ms | tok/sec: 537,793 | mfu: 23.83 | epoch: 1 | total time: 3.44m
step 00232 (32.30%) | loss: 2.818471 | lrm: 1.00 | dt: 1048.21ms | tok/sec: 500,173 | mfu: 22.16 | epoch: 1 | total time: 3.46m
step 00233 (32.43%) | loss: 2.803789 | lrm: 1.00 | dt: 948.43ms | tok/sec: 552,795 | mfu: 24.49 | epoch: 1 | total time: 3.47m
step 00234 (32.57%) | loss: 2.795034 | lrm: 1.00 | dt: 975.38ms | tok/sec: 537,520 | mfu: 23.82 | epoch: 1 | total time: 3.49m
step 00235 (32.72%) | loss: 2.804458 | lrm: 1.00 | dt: 1003.26ms | tok/sec: 522,584 | mfu: 23.15 | epoch: 1 | total time: 3.50m
step 00236 (32.86%) | loss: 2.789670 | lrm: 1.00 | dt: 963.52ms | tok/sec: 544,139 | mfu: 24.11 | epoch: 1 | total time: 3.52m
step 00237 (33.00%) | loss: 2.751552 | lrm: 1.00 | dt: 992.29ms | tok/sec: 528,360 | mfu: 23.41 | epoch: 1 | total time: 3.54m
step 00238 (33.13%) | loss: 2.705174 | lrm: 1.00 | dt: 968.69ms | tok/sec: 541,231 | mfu: 23.98 | epoch: 1 | total time: 3.55m
step 00239 (33.27%) | loss: 2.707001 | lrm: 1.00 | dt: 1005.99ms | tok/sec: 521,164 | mfu: 23.09 | epoch: 1 | total time: 3.57m
step 00240 (33.41%) | loss: 2.699535 | lrm: 1.00 | dt: 999.17ms | tok/sec: 524,725 | mfu: 23.25 | epoch: 1 | total time: 3.59m
step 00241 (33.54%) | loss: 2.694582 | lrm: 1.00 | dt: 1033.91ms | tok/sec: 507,092 | mfu: 22.47 | epoch: 1 | total time: 3.60m
step 00242 (33.68%) | loss: 2.702325 | lrm: 1.00 | dt: 977.71ms | tok/sec: 536,240 | mfu: 23.76 | epoch: 1 | total time: 3.62m
step 00243 (33.83%) | loss: 2.730580 | lrm: 1.00 | dt: 1038.79ms | tok/sec: 504,710 | mfu: 22.36 | epoch: 1 | total time: 3.64m
step 00244 (33.96%) | loss: 2.736081 | lrm: 1.00 | dt: 956.54ms | tok/sec: 548,111 | mfu: 24.28 | epoch: 1 | total time: 3.65m
step 00245 (34.10%) | loss: 2.738583 | lrm: 1.00 | dt: 929.38ms | tok/sec: 564,128 | mfu: 24.99 | epoch: 1 | total time: 3.67m
step 00246 (34.24%) | loss: 2.753467 | lrm: 1.00 | dt: 949.35ms | tok/sec: 552,258 | mfu: 24.47 | epoch: 1 | total time: 3.68m
step 00247 (34.38%) | loss: 2.768712 | lrm: 1.00 | dt: 974.50ms | tok/sec: 538,006 | mfu: 23.84 | epoch: 1 | total time: 3.70m
step 00248 (34.53%) | loss: 2.760022 | lrm: 1.00 | dt: 1080.69ms | tok/sec: 485,143 | mfu: 21.49 | epoch: 1 | total time: 3.72m
step 00249 (34.68%) | loss: 2.757244 | lrm: 1.00 | dt: 987.06ms | tok/sec: 531,161 | mfu: 23.53 | epoch: 1 | total time: 3.73m
step 00250 (34.82%) | loss: 2.763844 | lrm: 1.00 | dt: 1005.43ms | tok/sec: 521,455 | mfu: 23.10 | epoch: 1 | total time: 3.75m
Step 00250 | Validation bpb: 0.8728
step 00251 (34.94%) | loss: 2.735672 | lrm: 1.00 | dt: 981.15ms | tok/sec: 534,360 | mfu: 23.68 | epoch: 1 | total time: 3.77m
step 00252 (35.07%) | loss: 2.753403 | lrm: 1.00 | dt: 916.47ms | tok/sec: 572,073 | mfu: 25.35 | epoch: 1 | total time: 3.78m
step 00253 (35.21%) | loss: 2.714115 | lrm: 1.00 | dt: 1002.18ms | tok/sec: 523,149 | mfu: 23.18 | epoch: 1 | total time: 3.80m
step 00254 (35.35%) | loss: 2.758796 | lrm: 1.00 | dt: 984.34ms | tok/sec: 532,630 | mfu: 23.60 | epoch: 1 | total time: 3.82m
step 00255 (35.48%) | loss: 2.794074 | lrm: 1.00 | dt: 993.21ms | tok/sec: 527,874 | mfu: 23.39 | epoch: 1 | total time: 3.83m
step 00256 (35.64%) | loss: 2.762559 | lrm: 1.00 | dt: 1055.23ms | tok/sec: 496,846 | mfu: 22.01 | epoch: 1 | total time: 3.85m
step 00257 (35.79%) | loss: 2.781812 | lrm: 1.00 | dt: 1036.06ms | tok/sec: 506,042 | mfu: 22.42 | epoch: 1 | total time: 3.87m
step 00258 (35.92%) | loss: 2.750637 | lrm: 1.00 | dt: 995.65ms | tok/sec: 526,580 | mfu: 23.33 | epoch: 1 | total time: 3.88m
step 00259 (36.07%) | loss: 2.776204 | lrm: 1.00 | dt: 991.10ms | tok/sec: 528,993 | mfu: 23.44 | epoch: 1 | total time: 3.90m
step 00260 (36.21%) | loss: 2.785545 | lrm: 1.00 | dt: 1014.12ms | tok/sec: 516,989 | mfu: 22.91 | epoch: 1 | total time: 3.92m
step 00261 (36.37%) | loss: 2.798945 | lrm: 1.00 | dt: 1026.04ms | tok/sec: 510,980 | mfu: 22.64 | epoch: 1 | total time: 3.93m
step 00262 (36.50%) | loss: 2.813893 | lrm: 1.00 | dt: 946.18ms | tok/sec: 554,110 | mfu: 24.55 | epoch: 1 | total time: 3.95m
step 00263 (36.64%) | loss: 2.819125 | lrm: 1.00 | dt: 1005.68ms | tok/sec: 521,325 | mfu: 23.10 | epoch: 1 | total time: 3.97m
step 00264 (36.77%) | loss: 2.840190 | lrm: 1.00 | dt: 945.20ms | tok/sec: 554,686 | mfu: 24.58 | epoch: 1 | total time: 3.98m
step 00265 (36.92%) | loss: 2.835580 | lrm: 1.00 | dt: 976.87ms | tok/sec: 536,700 | mfu: 23.78 | epoch: 1 | total time: 4.00m
step 00266 (37.06%) | loss: 2.820263 | lrm: 1.00 | dt: 991.83ms | tok/sec: 528,607 | mfu: 23.42 | epoch: 1 | total time: 4.02m
step 00267 (37.20%) | loss: 2.828320 | lrm: 1.00 | dt: 1008.38ms | tok/sec: 519,929 | mfu: 23.04 | epoch: 1 | total time: 4.03m
step 00268 (37.35%) | loss: 2.834718 | lrm: 1.00 | dt: 1066.04ms | tok/sec: 491,809 | mfu: 21.79 | epoch: 1 | total time: 4.05m
step 00269 (37.49%) | loss: 2.816429 | lrm: 1.00 | dt: 1020.01ms | tok/sec: 514,003 | mfu: 22.77 | epoch: 1 | total time: 4.07m
step 00270 (37.64%) | loss: 2.815393 | lrm: 1.00 | dt: 958.60ms | tok/sec: 546,930 | mfu: 24.23 | epoch: 1 | total time: 4.08m
step 00271 (37.78%) | loss: 2.789398 | lrm: 1.00 | dt: 1017.86ms | tok/sec: 515,086 | mfu: 22.82 | epoch: 1 | total time: 4.10m
step 00272 (37.92%) | loss: 2.807920 | lrm: 1.00 | dt: 936.50ms | tok/sec: 559,838 | mfu: 24.80 | epoch: 1 | total time: 4.12m
step 00273 (38.07%) | loss: 2.827466 | lrm: 1.00 | dt: 944.57ms | tok/sec: 555,057 | mfu: 24.59 | epoch: 1 | total time: 4.13m
step 00274 (38.22%) | loss: 2.796767 | lrm: 1.00 | dt: 948.04ms | tok/sec: 553,022 | mfu: 24.50 | epoch: 1 | total time: 4.15m
step 00275 (38.36%) | loss: 2.821811 | lrm: 1.00 | dt: 935.69ms | tok/sec: 560,323 | mfu: 24.83 | epoch: 1 | total time: 4.16m
step 00276 (38.48%) | loss: 2.819748 | lrm: 1.00 | dt: 874.77ms | tok/sec: 599,345 | mfu: 26.55 | epoch: 1 | total time: 4.18m
step 00277 (38.62%) | loss: 2.829382 | lrm: 1.00 | dt: 909.75ms | tok/sec: 576,297 | mfu: 25.53 | epoch: 1 | total time: 4.19m
step 00278 (38.78%) | loss: 2.853565 | lrm: 1.00 | dt: 990.91ms | tok/sec: 529,094 | mfu: 23.44 | epoch: 1 | total time: 4.21m
step 00279 (38.91%) | loss: 2.845021 | lrm: 1.00 | dt: 892.27ms | tok/sec: 587,590 | mfu: 26.03 | epoch: 1 | total time: 4.22m
step 00280 (39.05%) | loss: 2.797793 | lrm: 1.00 | dt: 916.03ms | tok/sec: 572,348 | mfu: 25.36 | epoch: 1 | total time: 4.24m
step 00281 (39.18%) | loss: 2.792776 | lrm: 1.00 | dt: 881.12ms | tok/sec: 595,027 | mfu: 26.36 | epoch: 1 | total time: 4.25m
step 00282 (39.33%) | loss: 2.796516 | lrm: 1.00 | dt: 913.88ms | tok/sec: 573,695 | mfu: 25.42 | epoch: 1 | total time: 4.27m
step 00283 (39.48%) | loss: 2.811745 | lrm: 1.00 | dt: 989.85ms | tok/sec: 529,666 | mfu: 23.47 | epoch: 1 | total time: 4.29m
step 00284 (39.61%) | loss: 2.798228 | lrm: 1.00 | dt: 894.26ms | tok/sec: 586,284 | mfu: 25.98 | epoch: 1 | total time: 4.30m
step 00285 (39.75%) | loss: 2.803252 | lrm: 1.00 | dt: 890.35ms | tok/sec: 588,855 | mfu: 26.09 | epoch: 1 | total time: 4.32m
step 00286 (39.88%) | loss: 2.769139 | lrm: 1.00 | dt: 901.10ms | tok/sec: 581,833 | mfu: 25.78 | epoch: 1 | total time: 4.33m
step 00287 (40.01%) | loss: 2.765234 | lrm: 1.00 | dt: 828.68ms | tok/sec: 632,680 | mfu: 28.03 | epoch: 1 | total time: 4.34m
step 00288 (40.16%) | loss: 2.751080 | lrm: 1.00 | dt: 974.35ms | tok/sec: 538,089 | mfu: 23.84 | epoch: 1 | total time: 4.36m
step 00289 (40.30%) | loss: 2.761933 | lrm: 1.00 | dt: 927.79ms | tok/sec: 565,091 | mfu: 25.04 | epoch: 1 | total time: 4.38m
step 00290 (40.45%) | loss: 2.777003 | lrm: 1.00 | dt: 923.83ms | tok/sec: 567,514 | mfu: 25.14 | epoch: 1 | total time: 4.39m
step 00291 (40.59%) | loss: 2.788581 | lrm: 1.00 | dt: 905.06ms | tok/sec: 579,286 | mfu: 25.67 | epoch: 1 | total time: 4.41m
step 00292 (40.72%) | loss: 2.780558 | lrm: 1.00 | dt: 884.51ms | tok/sec: 592,745 | mfu: 26.26 | epoch: 1 | total time: 4.42m
step 00293 (40.86%) | loss: 2.779164 | lrm: 1.00 | dt: 916.00ms | tok/sec: 572,368 | mfu: 25.36 | epoch: 1 | total time: 4.44m
step 00294 (41.01%) | loss: 2.751267 | lrm: 1.00 | dt: 938.06ms | tok/sec: 558,906 | mfu: 24.76 | epoch: 1 | total time: 4.45m
step 00295 (41.16%) | loss: 2.734904 | lrm: 1.00 | dt: 914.42ms | tok/sec: 573,354 | mfu: 25.40 | epoch: 1 | total time: 4.47m
step 00296 (41.28%) | loss: 2.751655 | lrm: 1.00 | dt: 843.29ms | tok/sec: 621,716 | mfu: 27.55 | epoch: 1 | total time: 4.48m
step 00297 (41.41%) | loss: 2.735838 | lrm: 1.00 | dt: 913.00ms | tok/sec: 574,250 | mfu: 25.44 | epoch: 1 | total time: 4.50m
step 00298 (41.55%) | loss: 2.738027 | lrm: 1.00 | dt: 860.84ms | tok/sec: 609,044 | mfu: 26.98 | epoch: 1 | total time: 4.51m
step 00299 (41.68%) | loss: 2.745705 | lrm: 1.00 | dt: 919.68ms | tok/sec: 570,076 | mfu: 25.26 | epoch: 1 | total time: 4.53m
step 00300 (41.82%) | loss: 2.763058 | lrm: 1.00 | dt: 887.48ms | tok/sec: 590,762 | mfu: 26.17 | epoch: 1 | total time: 4.54m
Step 00300 | Validation bpb: 0.8550
step 00301 (41.97%) | loss: 2.805216 | lrm: 1.00 | dt: 962.67ms | tok/sec: 544,616 | mfu: 24.13 | epoch: 1 | total time: 4.56m
step 00302 (42.10%) | loss: 2.806651 | lrm: 1.00 | dt: 907.01ms | tok/sec: 578,039 | mfu: 25.61 | epoch: 1 | total time: 4.57m
step 00303 (42.23%) | loss: 2.822865 | lrm: 1.00 | dt: 890.48ms | tok/sec: 588,773 | mfu: 26.09 | epoch: 1 | total time: 4.59m
step 00304 (42.37%) | loss: 2.817182 | lrm: 1.00 | dt: 916.98ms | tok/sec: 571,754 | mfu: 25.33 | epoch: 1 | total time: 4.60m
step 00305 (42.51%) | loss: 2.803544 | lrm: 1.00 | dt: 900.34ms | tok/sec: 582,322 | mfu: 25.80 | epoch: 1 | total time: 4.62m
step 00306 (42.65%) | loss: 2.805665 | lrm: 1.00 | dt: 916.46ms | tok/sec: 572,078 | mfu: 25.35 | epoch: 1 | total time: 4.63m
step 00307 (42.80%) | loss: 2.812123 | lrm: 1.00 | dt: 975.27ms | tok/sec: 537,580 | mfu: 23.82 | epoch: 1 | total time: 4.65m
step 00308 (42.93%) | loss: 2.798503 | lrm: 1.00 | dt: 906.62ms | tok/sec: 578,290 | mfu: 25.62 | epoch: 1 | total time: 4.66m
step 00309 (43.08%) | loss: 2.796283 | lrm: 1.00 | dt: 913.63ms | tok/sec: 573,852 | mfu: 25.43 | epoch: 1 | total time: 4.68m
step 00310 (43.23%) | loss: 2.803310 | lrm: 1.00 | dt: 968.06ms | tok/sec: 541,587 | mfu: 24.00 | epoch: 1 | total time: 4.70m
step 00311 (43.38%) | loss: 2.821275 | lrm: 1.00 | dt: 915.81ms | tok/sec: 572,485 | mfu: 25.36 | epoch: 1 | total time: 4.71m
step 00312 (43.51%) | loss: 2.812621 | lrm: 1.00 | dt: 912.11ms | tok/sec: 574,804 | mfu: 25.47 | epoch: 1 | total time: 4.73m
step 00313 (43.65%) | loss: 2.813312 | lrm: 1.00 | dt: 937.54ms | tok/sec: 559,216 | mfu: 24.78 | epoch: 1 | total time: 4.74m
step 00314 (43.79%) | loss: 2.824143 | lrm: 1.00 | dt: 932.65ms | tok/sec: 562,149 | mfu: 24.91 | epoch: 1 | total time: 4.76m
step 00315 (43.93%) | loss: 2.814024 | lrm: 1.00 | dt: 889.27ms | tok/sec: 589,569 | mfu: 26.12 | epoch: 1 | total time: 4.77m
step 00316 (44.07%) | loss: 2.788676 | lrm: 1.00 | dt: 937.51ms | tok/sec: 559,235 | mfu: 24.78 | epoch: 1 | total time: 4.79m
step 00317 (44.21%) | loss: 2.805053 | lrm: 1.00 | dt: 956.15ms | tok/sec: 548,333 | mfu: 24.29 | epoch: 1 | total time: 4.80m
step 00318 (44.34%) | loss: 2.783125 | lrm: 1.00 | dt: 903.50ms | tok/sec: 580,282 | mfu: 25.71 | epoch: 1 | total time: 4.82m
step 00319 (44.49%) | loss: 2.813625 | lrm: 1.00 | dt: 932.27ms | tok/sec: 562,380 | mfu: 24.92 | epoch: 1 | total time: 4.83m
step 00320 (44.62%) | loss: 2.816517 | lrm: 1.00 | dt: 888.04ms | tok/sec: 590,389 | mfu: 26.16 | epoch: 1 | total time: 4.85m
step 00321 (44.77%) | loss: 2.810793 | lrm: 1.00 | dt: 927.40ms | tok/sec: 565,330 | mfu: 25.05 | epoch: 1 | total time: 4.86m
step 00322 (44.90%) | loss: 2.783075 | lrm: 1.00 | dt: 849.83ms | tok/sec: 616,935 | mfu: 27.33 | epoch: 1 | total time: 4.88m
step 00323 (45.05%) | loss: 2.750384 | lrm: 1.00 | dt: 922.64ms | tok/sec: 568,246 | mfu: 25.18 | epoch: 1 | total time: 4.89m
step 00324 (45.19%) | loss: 2.748649 | lrm: 1.00 | dt: 941.27ms | tok/sec: 556,999 | mfu: 24.68 | epoch: 1 | total time: 4.91m
step 00325 (45.32%) | loss: 2.737715 | lrm: 1.00 | dt: 877.87ms | tok/sec: 597,230 | mfu: 26.46 | epoch: 1 | total time: 4.92m
step 00326 (45.47%) | loss: 2.749190 | lrm: 1.00 | dt: 917.14ms | tok/sec: 571,656 | mfu: 25.33 | epoch: 1 | total time: 4.94m
step 00327 (45.61%) | loss: 2.753121 | lrm: 1.00 | dt: 941.85ms | tok/sec: 556,657 | mfu: 24.66 | epoch: 1 | total time: 4.96m
step 00328 (45.74%) | loss: 2.771979 | lrm: 1.00 | dt: 893.78ms | tok/sec: 586,595 | mfu: 25.99 | epoch: 1 | total time: 4.97m
step 00329 (45.88%) | loss: 2.762865 | lrm: 1.00 | dt: 895.39ms | tok/sec: 585,542 | mfu: 25.94 | epoch: 1 | total time: 4.99m
step 00330 (46.03%) | loss: 2.773158 | lrm: 1.00 | dt: 883.97ms | tok/sec: 593,108 | mfu: 26.28 | epoch: 1 | total time: 5.00m
step 00331 (46.17%) | loss: 2.744010 | lrm: 1.00 | dt: 920.13ms | tok/sec: 569,798 | mfu: 25.25 | epoch: 1 | total time: 5.02m
step 00332 (46.32%) | loss: 2.738863 | lrm: 1.00 | dt: 898.89ms | tok/sec: 583,262 | mfu: 25.84 | epoch: 1 | total time: 5.03m
step 00333 (46.46%) | loss: 2.722835 | lrm: 1.00 | dt: 995.59ms | tok/sec: 526,609 | mfu: 23.33 | epoch: 1 | total time: 5.05m
step 00334 (46.62%) | loss: 2.739116 | lrm: 1.00 | dt: 949.13ms | tok/sec: 552,388 | mfu: 24.47 | epoch: 1 | total time: 5.06m
step 00335 (46.74%) | loss: 2.765823 | lrm: 1.00 | dt: 862.71ms | tok/sec: 607,721 | mfu: 26.93 | epoch: 1 | total time: 5.08m
step 00336 (46.88%) | loss: 2.756661 | lrm: 1.00 | dt: 899.54ms | tok/sec: 582,841 | mfu: 25.82 | epoch: 1 | total time: 5.09m
step 00337 (46.99%) | loss: 2.769659 | lrm: 1.00 | dt: 857.15ms | tok/sec: 611,663 | mfu: 27.10 | epoch: 1 | total time: 5.11m
step 00338 (47.12%) | loss: 2.754713 | lrm: 1.00 | dt: 932.29ms | tok/sec: 562,367 | mfu: 24.92 | epoch: 1 | total time: 5.12m
step 00339 (47.26%) | loss: 2.744578 | lrm: 1.00 | dt: 852.56ms | tok/sec: 614,957 | mfu: 27.25 | epoch: 1 | total time: 5.14m
step 00340 (47.40%) | loss: 2.731938 | lrm: 1.00 | dt: 909.77ms | tok/sec: 576,289 | mfu: 25.53 | epoch: 1 | total time: 5.15m
step 00341 (47.54%) | loss: 2.732781 | lrm: 1.00 | dt: 906.25ms | tok/sec: 578,523 | mfu: 25.63 | epoch: 1 | total time: 5.17m
step 00342 (47.67%) | loss: 2.733364 | lrm: 1.00 | dt: 911.56ms | tok/sec: 575,157 | mfu: 25.48 | epoch: 1 | total time: 5.18m
step 00343 (47.81%) | loss: 2.736193 | lrm: 1.00 | dt: 920.46ms | tok/sec: 569,596 | mfu: 25.24 | epoch: 1 | total time: 5.20m
step 00344 (47.96%) | loss: 2.728510 | lrm: 1.00 | dt: 1000.92ms | tok/sec: 523,807 | mfu: 23.21 | epoch: 1 | total time: 5.21m
step 00345 (48.09%) | loss: 2.746226 | lrm: 1.00 | dt: 865.07ms | tok/sec: 606,065 | mfu: 26.85 | epoch: 1 | total time: 5.23m
step 00346 (48.23%) | loss: 2.746332 | lrm: 1.00 | dt: 943.34ms | tok/sec: 555,781 | mfu: 24.62 | epoch: 1 | total time: 5.24m
step 00347 (48.37%) | loss: 2.727833 | lrm: 1.00 | dt: 923.41ms | tok/sec: 567,774 | mfu: 25.16 | epoch: 1 | total time: 5.26m
step 00348 (48.52%) | loss: 2.724416 | lrm: 1.00 | dt: 994.10ms | tok/sec: 527,399 | mfu: 23.37 | epoch: 1 | total time: 5.28m
step 00349 (48.65%) | loss: 2.687776 | lrm: 1.00 | dt: 918.22ms | tok/sec: 570,986 | mfu: 25.30 | epoch: 1 | total time: 5.29m
step 00350 (48.78%) | loss: 2.716086 | lrm: 1.00 | dt: 916.25ms | tok/sec: 572,209 | mfu: 25.35 | epoch: 1 | total time: 5.31m
Step 00350 | Validation bpb: 0.8408
step 00351 (48.93%) | loss: 2.714893 | lrm: 1.00 | dt: 903.19ms | tok/sec: 580,486 | mfu: 25.72 | epoch: 1 | total time: 5.32m
step 00352 (49.06%) | loss: 2.713235 | lrm: 1.00 | dt: 864.93ms | tok/sec: 606,164 | mfu: 26.86 | epoch: 1 | total time: 5.34m
step 00353 (49.19%) | loss: 2.723914 | lrm: 1.00 | dt: 881.27ms | tok/sec: 594,925 | mfu: 26.36 | epoch: 1 | total time: 5.35m
step 00354 (49.35%) | loss: 2.729312 | lrm: 1.00 | dt: 1013.88ms | tok/sec: 517,108 | mfu: 22.91 | epoch: 1 | total time: 5.37m
step 00355 (49.48%) | loss: 2.712320 | lrm: 1.00 | dt: 895.79ms | tok/sec: 585,279 | mfu: 25.93 | epoch: 1 | total time: 5.38m
step 00356 (49.63%) | loss: 2.698580 | lrm: 1.00 | dt: 893.50ms | tok/sec: 586,777 | mfu: 26.00 | epoch: 1 | total time: 5.40m
step 00357 (49.77%) | loss: 2.694333 | lrm: 1.00 | dt: 936.66ms | tok/sec: 559,740 | mfu: 24.80 | epoch: 1 | total time: 5.41m
step 00358 (49.92%) | loss: 2.692318 | lrm: 1.00 | dt: 961.75ms | tok/sec: 545,137 | mfu: 24.15 | epoch: 1 | total time: 5.43m
step 00359 (50.06%) | loss: 2.687465 | lrm: 1.00 | dt: 968.05ms | tok/sec: 541,591 | mfu: 24.00 | epoch: 1 | total time: 5.44m
step 00360 (50.21%) | loss: 2.705441 | lrm: 1.00 | dt: 996.35ms | tok/sec: 526,207 | mfu: 23.31 | epoch: 1 | total time: 5.46m
step 00361 (50.34%) | loss: 2.704469 | lrm: 0.99 | dt: 883.08ms | tok/sec: 593,702 | mfu: 26.30 | epoch: 1 | total time: 5.48m
step 00362 (50.47%) | loss: 2.672813 | lrm: 0.99 | dt: 921.27ms | tok/sec: 569,094 | mfu: 25.21 | epoch: 1 | total time: 5.49m
step 00363 (50.63%) | loss: 2.690690 | lrm: 0.99 | dt: 957.80ms | tok/sec: 547,385 | mfu: 24.25 | epoch: 1 | total time: 5.51m
step 00364 (50.75%) | loss: 2.739912 | lrm: 0.99 | dt: 886.88ms | tok/sec: 591,160 | mfu: 26.19 | epoch: 1 | total time: 5.52m
step 00365 (50.89%) | loss: 2.752723 | lrm: 0.98 | dt: 931.83ms | tok/sec: 562,643 | mfu: 24.93 | epoch: 1 | total time: 5.54m
step 00366 (51.03%) | loss: 2.734656 | lrm: 0.98 | dt: 944.52ms | tok/sec: 555,084 | mfu: 24.59 | epoch: 1 | total time: 5.55m
step 00367 (51.16%) | loss: 2.726901 | lrm: 0.98 | dt: 870.87ms | tok/sec: 602,025 | mfu: 26.67 | epoch: 1 | total time: 5.57m
step 00368 (51.30%) | loss: 2.686974 | lrm: 0.97 | dt: 892.56ms | tok/sec: 587,400 | mfu: 26.03 | epoch: 1 | total time: 5.58m
step 00369 (51.44%) | loss: 2.686446 | lrm: 0.97 | dt: 892.45ms | tok/sec: 587,467 | mfu: 26.03 | epoch: 1 | total time: 5.60m
step 00370 (51.58%) | loss: 2.624801 | lrm: 0.97 | dt: 961.14ms | tok/sec: 545,483 | mfu: 24.17 | epoch: 1 | total time: 5.61m
step 00371 (51.71%) | loss: 2.630916 | lrm: 0.97 | dt: 895.02ms | tok/sec: 585,780 | mfu: 25.95 | epoch: 1 | total time: 5.63m
step 00372 (51.85%) | loss: 2.623802 | lrm: 0.96 | dt: 891.93ms | tok/sec: 587,813 | mfu: 26.04 | epoch: 1 | total time: 5.64m
step 00373 (51.99%) | loss: 2.585190 | lrm: 0.96 | dt: 900.97ms | tok/sec: 581,916 | mfu: 25.78 | epoch: 1 | total time: 5.66m
step 00374 (52.12%) | loss: 2.610365 | lrm: 0.96 | dt: 912.41ms | tok/sec: 574,617 | mfu: 25.46 | epoch: 1 | total time: 5.67m
step 00375 (52.26%) | loss: 2.624206 | lrm: 0.95 | dt: 906.84ms | tok/sec: 578,150 | mfu: 25.62 | epoch: 1 | total time: 5.69m
step 00376 (52.40%) | loss: 2.611621 | lrm: 0.95 | dt: 955.27ms | tok/sec: 548,836 | mfu: 24.32 | epoch: 1 | total time: 5.70m
step 00377 (52.54%) | loss: 2.634378 | lrm: 0.95 | dt: 942.22ms | tok/sec: 556,439 | mfu: 24.65 | epoch: 1 | total time: 5.72m
step 00378 (52.69%) | loss: 2.637673 | lrm: 0.95 | dt: 1003.19ms | tok/sec: 522,619 | mfu: 23.16 | epoch: 1 | total time: 5.74m
step 00379 (52.82%) | loss: 2.630454 | lrm: 0.94 | dt: 912.67ms | tok/sec: 574,453 | mfu: 25.45 | epoch: 1 | total time: 5.75m
step 00380 (52.96%) | loss: 2.645484 | lrm: 0.94 | dt: 960.18ms | tok/sec: 546,031 | mfu: 24.19 | epoch: 1 | total time: 5.77m
step 00381 (53.09%) | loss: 2.659695 | lrm: 0.94 | dt: 948.47ms | tok/sec: 552,770 | mfu: 24.49 | epoch: 1 | total time: 5.78m
step 00382 (53.23%) | loss: 2.667372 | lrm: 0.94 | dt: 973.14ms | tok/sec: 538,761 | mfu: 23.87 | epoch: 1 | total time: 5.80m
step 00383 (53.37%) | loss: 2.682832 | lrm: 0.93 | dt: 983.46ms | tok/sec: 533,107 | mfu: 23.62 | epoch: 1 | total time: 5.82m
step 00384 (53.51%) | loss: 2.696816 | lrm: 0.93 | dt: 967.86ms | tok/sec: 541,695 | mfu: 24.00 | epoch: 1 | total time: 5.83m
step 00385 (53.66%) | loss: 2.676471 | lrm: 0.93 | dt: 970.14ms | tok/sec: 540,426 | mfu: 23.94 | epoch: 1 | total time: 5.85m
step 00386 (53.79%) | loss: 2.660189 | lrm: 0.92 | dt: 887.24ms | tok/sec: 590,917 | mfu: 26.18 | epoch: 1 | total time: 5.86m
step 00387 (53.94%) | loss: 2.667965 | lrm: 0.92 | dt: 941.22ms | tok/sec: 557,028 | mfu: 24.68 | epoch: 1 | total time: 5.88m
step 00388 (54.08%) | loss: 2.650648 | lrm: 0.92 | dt: 921.16ms | tok/sec: 569,157 | mfu: 25.22 | epoch: 1 | total time: 5.90m
step 00389 (54.22%) | loss: 2.655075 | lrm: 0.92 | dt: 920.19ms | tok/sec: 569,757 | mfu: 25.24 | epoch: 1 | total time: 5.91m
step 00390 (54.36%) | loss: 2.643355 | lrm: 0.91 | dt: 907.03ms | tok/sec: 578,029 | mfu: 25.61 | epoch: 1 | total time: 5.93m
step 00391 (54.51%) | loss: 2.634707 | lrm: 0.91 | dt: 944.33ms | tok/sec: 555,196 | mfu: 24.60 | epoch: 1 | total time: 5.94m
step 00392 (54.64%) | loss: 2.656157 | lrm: 0.91 | dt: 920.98ms | tok/sec: 569,269 | mfu: 25.22 | epoch: 1 | total time: 5.96m
step 00393 (54.78%) | loss: 2.624480 | lrm: 0.90 | dt: 897.19ms | tok/sec: 584,369 | mfu: 25.89 | epoch: 1 | total time: 5.97m
step 00394 (54.91%) | loss: 2.617111 | lrm: 0.90 | dt: 855.10ms | tok/sec: 613,132 | mfu: 27.17 | epoch: 1 | total time: 5.99m
step 00395 (55.06%) | loss: 2.618011 | lrm: 0.90 | dt: 963.30ms | tok/sec: 544,265 | mfu: 24.11 | epoch: 1 | total time: 6.00m
step 00396 (55.21%) | loss: 2.603194 | lrm: 0.90 | dt: 934.97ms | tok/sec: 560,753 | mfu: 24.84 | epoch: 1 | total time: 6.02m
step 00397 (55.36%) | loss: 2.623484 | lrm: 0.89 | dt: 955.43ms | tok/sec: 548,742 | mfu: 24.31 | epoch: 1 | total time: 6.03m
step 00398 (55.51%) | loss: 2.624562 | lrm: 0.89 | dt: 906.11ms | tok/sec: 578,615 | mfu: 25.64 | epoch: 1 | total time: 6.05m
step 00399 (55.65%) | loss: 2.639864 | lrm: 0.89 | dt: 912.45ms | tok/sec: 574,596 | mfu: 25.46 | epoch: 1 | total time: 6.06m
step 00400 (55.79%) | loss: 2.626205 | lrm: 0.88 | dt: 948.25ms | tok/sec: 552,900 | mfu: 24.50 | epoch: 1 | total time: 6.08m
Step 00400 | Validation bpb: 0.8275
step 00401 (55.92%) | loss: 2.616654 | lrm: 0.88 | dt: 929.94ms | tok/sec: 563,786 | mfu: 24.98 | epoch: 1 | total time: 6.09m
step 00402 (56.06%) | loss: 2.652349 | lrm: 0.88 | dt: 939.57ms | tok/sec: 558,005 | mfu: 24.72 | epoch: 1 | total time: 6.11m
step 00403 (56.21%) | loss: 2.659041 | lrm: 0.88 | dt: 901.15ms | tok/sec: 581,797 | mfu: 25.78 | epoch: 1 | total time: 6.13m
step 00404 (56.34%) | loss: 2.664673 | lrm: 0.87 | dt: 877.74ms | tok/sec: 597,314 | mfu: 26.46 | epoch: 1 | total time: 6.14m
step 00405 (56.48%) | loss: 2.637633 | lrm: 0.87 | dt: 953.56ms | tok/sec: 549,821 | mfu: 24.36 | epoch: 1 | total time: 6.16m
step 00406 (56.62%) | loss: 2.656162 | lrm: 0.87 | dt: 937.75ms | tok/sec: 559,094 | mfu: 24.77 | epoch: 1 | total time: 6.17m
step 00407 (56.76%) | loss: 2.668835 | lrm: 0.86 | dt: 946.04ms | tok/sec: 554,189 | mfu: 24.55 | epoch: 1 | total time: 6.19m
step 00408 (56.90%) | loss: 2.660140 | lrm: 0.86 | dt: 915.96ms | tok/sec: 572,392 | mfu: 25.36 | epoch: 1 | total time: 6.20m
step 00409 (57.04%) | loss: 2.651217 | lrm: 0.86 | dt: 931.03ms | tok/sec: 563,128 | mfu: 24.95 | epoch: 1 | total time: 6.22m
step 00410 (57.16%) | loss: 2.657859 | lrm: 0.86 | dt: 923.66ms | tok/sec: 567,618 | mfu: 25.15 | epoch: 1 | total time: 6.23m
step 00411 (57.30%) | loss: 2.674252 | lrm: 0.85 | dt: 973.49ms | tok/sec: 538,566 | mfu: 23.86 | epoch: 1 | total time: 6.25m
step 00412 (57.44%) | loss: 2.656879 | lrm: 0.85 | dt: 954.36ms | tok/sec: 549,362 | mfu: 24.34 | epoch: 1 | total time: 6.27m
step 00413 (57.58%) | loss: 2.640964 | lrm: 0.85 | dt: 928.76ms | tok/sec: 564,500 | mfu: 25.01 | epoch: 1 | total time: 6.28m
step 00414 (57.72%) | loss: 2.618621 | lrm: 0.85 | dt: 887.02ms | tok/sec: 591,067 | mfu: 26.19 | epoch: 1 | total time: 6.30m
step 00415 (57.86%) | loss: 2.615821 | lrm: 0.84 | dt: 911.68ms | tok/sec: 575,076 | mfu: 25.48 | epoch: 1 | total time: 6.31m
step 00416 (58.02%) | loss: 2.600415 | lrm: 0.84 | dt: 1005.85ms | tok/sec: 521,239 | mfu: 23.09 | epoch: 1 | total time: 6.33m
step 00417 (58.15%) | loss: 2.588753 | lrm: 0.84 | dt: 879.36ms | tok/sec: 596,216 | mfu: 26.42 | epoch: 1 | total time: 6.34m
step 00418 (58.29%) | loss: 2.591736 | lrm: 0.83 | dt: 873.77ms | tok/sec: 600,030 | mfu: 26.59 | epoch: 1 | total time: 6.36m
step 00419 (58.43%) | loss: 2.604257 | lrm: 0.83 | dt: 853.01ms | tok/sec: 614,632 | mfu: 27.23 | epoch: 1 | total time: 6.37m
step 00420 (58.58%) | loss: 2.615771 | lrm: 0.83 | dt: 977.85ms | tok/sec: 536,162 | mfu: 23.76 | epoch: 1 | total time: 6.39m
step 00421 (58.71%) | loss: 2.595540 | lrm: 0.83 | dt: 832.39ms | tok/sec: 629,858 | mfu: 27.91 | epoch: 1 | total time: 6.40m
step 00422 (58.85%) | loss: 2.621724 | lrm: 0.82 | dt: 952.26ms | tok/sec: 550,574 | mfu: 24.39 | epoch: 1 | total time: 6.42m
step 00423 (59.00%) | loss: 2.643229 | lrm: 0.82 | dt: 943.14ms | tok/sec: 555,898 | mfu: 24.63 | epoch: 1 | total time: 6.43m
step 00424 (59.15%) | loss: 2.675465 | lrm: 0.82 | dt: 979.55ms | tok/sec: 535,231 | mfu: 23.71 | epoch: 1 | total time: 6.45m
step 00425 (59.28%) | loss: 2.715546 | lrm: 0.81 | dt: 908.40ms | tok/sec: 577,156 | mfu: 25.57 | epoch: 1 | total time: 6.46m
step 00426 (59.42%) | loss: 2.694896 | lrm: 0.81 | dt: 927.42ms | tok/sec: 565,320 | mfu: 25.05 | epoch: 1 | total time: 6.48m
step 00427 (59.56%) | loss: 2.710634 | lrm: 0.81 | dt: 915.01ms | tok/sec: 572,987 | mfu: 25.39 | epoch: 1 | total time: 6.50m
step 00428 (59.68%) | loss: 2.686698 | lrm: 0.81 | dt: 892.05ms | tok/sec: 587,734 | mfu: 26.04 | epoch: 1 | total time: 6.51m
step 00429 (59.82%) | loss: 2.653765 | lrm: 0.80 | dt: 921.52ms | tok/sec: 568,940 | mfu: 25.21 | epoch: 1 | total time: 6.53m
step 00430 (59.96%) | loss: 2.670615 | lrm: 0.80 | dt: 912.29ms | tok/sec: 574,691 | mfu: 25.46 | epoch: 1 | total time: 6.54m
step 00431 (60.11%) | loss: 2.609474 | lrm: 0.80 | dt: 939.51ms | tok/sec: 558,041 | mfu: 24.72 | epoch: 1 | total time: 6.56m
step 00432 (60.24%) | loss: 2.611548 | lrm: 0.80 | dt: 897.62ms | tok/sec: 584,089 | mfu: 25.88 | epoch: 1 | total time: 6.57m
step 00433 (60.36%) | loss: 2.623258 | lrm: 0.79 | dt: 942.91ms | tok/sec: 556,031 | mfu: 24.64 | epoch: 1 | total time: 6.59m
step 00434 (60.50%) | loss: 2.601831 | lrm: 0.79 | dt: 1011.18ms | tok/sec: 518,493 | mfu: 22.97 | epoch: 1 | total time: 6.60m
step 00435 (60.64%) | loss: 2.597230 | lrm: 0.79 | dt: 903.37ms | tok/sec: 580,365 | mfu: 25.71 | epoch: 1 | total time: 6.62m
step 00436 (60.79%) | loss: 2.604045 | lrm: 0.78 | dt: 980.21ms | tok/sec: 534,873 | mfu: 23.70 | epoch: 1 | total time: 6.64m
step 00437 (60.92%) | loss: 2.618940 | lrm: 0.78 | dt: 866.07ms | tok/sec: 605,362 | mfu: 26.82 | epoch: 1 | total time: 6.65m
step 00438 (61.06%) | loss: 2.630235 | lrm: 0.78 | dt: 944.68ms | tok/sec: 554,991 | mfu: 24.59 | epoch: 1 | total time: 6.67m
step 00439 (61.21%) | loss: 2.627507 | lrm: 0.78 | dt: 958.88ms | tok/sec: 546,772 | mfu: 24.23 | epoch: 1 | total time: 6.68m
step 00440 (61.35%) | loss: 2.628156 | lrm: 0.77 | dt: 891.16ms | tok/sec: 588,318 | mfu: 26.07 | epoch: 1 | total time: 6.70m
step 00441 (61.48%) | loss: 2.634138 | lrm: 0.77 | dt: 901.88ms | tok/sec: 581,326 | mfu: 25.76 | epoch: 1 | total time: 6.71m
step 00442 (61.62%) | loss: 2.627016 | lrm: 0.77 | dt: 918.62ms | tok/sec: 570,732 | mfu: 25.29 | epoch: 1 | total time: 6.73m
step 00443 (61.76%) | loss: 2.608578 | lrm: 0.76 | dt: 950.64ms | tok/sec: 551,509 | mfu: 24.44 | epoch: 1 | total time: 6.74m
step 00444 (61.89%) | loss: 2.625446 | lrm: 0.76 | dt: 835.41ms | tok/sec: 627,581 | mfu: 27.81 | epoch: 1 | total time: 6.76m
step 00445 (62.05%) | loss: 2.635524 | lrm: 0.76 | dt: 999.16ms | tok/sec: 524,726 | mfu: 23.25 | epoch: 1 | total time: 6.77m
step 00446 (62.20%) | loss: 2.639093 | lrm: 0.76 | dt: 940.27ms | tok/sec: 557,594 | mfu: 24.70 | epoch: 1 | total time: 6.79m
step 00447 (62.32%) | loss: 2.664831 | lrm: 0.75 | dt: 913.12ms | tok/sec: 574,171 | mfu: 25.44 | epoch: 1 | total time: 6.80m
step 00448 (62.46%) | loss: 2.682210 | lrm: 0.75 | dt: 920.63ms | tok/sec: 569,489 | mfu: 25.23 | epoch: 1 | total time: 6.82m
step 00449 (62.59%) | loss: 2.713620 | lrm: 0.75 | dt: 914.23ms | tok/sec: 573,476 | mfu: 25.41 | epoch: 1 | total time: 6.83m
step 00450 (62.73%) | loss: 2.695483 | lrm: 0.75 | dt: 912.33ms | tok/sec: 574,668 | mfu: 25.46 | epoch: 1 | total time: 6.85m
Step 00450 | Validation bpb: 0.8165
step 00451 (62.87%) | loss: 2.680242 | lrm: 0.74 | dt: 907.61ms | tok/sec: 577,657 | mfu: 25.59 | epoch: 1 | total time: 6.87m
step 00452 (63.00%) | loss: 2.707445 | lrm: 0.74 | dt: 928.96ms | tok/sec: 564,381 | mfu: 25.01 | epoch: 1 | total time: 6.88m
step 00453 (63.14%) | loss: 2.673235 | lrm: 0.74 | dt: 945.22ms | tok/sec: 554,670 | mfu: 24.58 | epoch: 1 | total time: 6.90m
step 00454 (63.29%) | loss: 2.662803 | lrm: 0.73 | dt: 959.80ms | tok/sec: 546,245 | mfu: 24.20 | epoch: 1 | total time: 6.91m
step 00455 (63.45%) | loss: 2.687640 | lrm: 0.73 | dt: 948.61ms | tok/sec: 552,691 | mfu: 24.49 | epoch: 1 | total time: 6.93m
step 00456 (63.59%) | loss: 2.686923 | lrm: 0.73 | dt: 956.50ms | tok/sec: 548,129 | mfu: 24.29 | epoch: 1 | total time: 6.94m
step 00457 (63.73%) | loss: 2.654827 | lrm: 0.73 | dt: 934.25ms | tok/sec: 561,187 | mfu: 24.86 | epoch: 1 | total time: 6.96m
step 00458 (63.87%) | loss: 2.673228 | lrm: 0.72 | dt: 980.73ms | tok/sec: 534,589 | mfu: 23.69 | epoch: 1 | total time: 6.98m
step 00459 (64.01%) | loss: 2.678535 | lrm: 0.72 | dt: 924.47ms | tok/sec: 567,123 | mfu: 25.13 | epoch: 1 | total time: 6.99m
step 00460 (64.16%) | loss: 2.693622 | lrm: 0.72 | dt: 998.46ms | tok/sec: 525,094 | mfu: 23.26 | epoch: 1 | total time: 7.01m
step 00461 (64.29%) | loss: 2.683977 | lrm: 0.71 | dt: 881.40ms | tok/sec: 594,835 | mfu: 26.35 | epoch: 1 | total time: 7.02m
step 00462 (64.43%) | loss: 2.709786 | lrm: 0.71 | dt: 902.70ms | tok/sec: 580,801 | mfu: 25.73 | epoch: 1 | total time: 7.04m
step 00463 (64.57%) | loss: 2.729970 | lrm: 0.71 | dt: 955.14ms | tok/sec: 548,912 | mfu: 24.32 | epoch: 1 | total time: 7.05m
step 00464 (64.71%) | loss: 2.718393 | lrm: 0.71 | dt: 895.70ms | tok/sec: 585,338 | mfu: 25.93 | epoch: 1 | total time: 7.07m
step 00465 (64.85%) | loss: 2.715586 | lrm: 0.70 | dt: 950.35ms | tok/sec: 551,678 | mfu: 24.44 | epoch: 1 | total time: 7.08m
step 00466 (64.99%) | loss: 2.688134 | lrm: 0.70 | dt: 917.07ms | tok/sec: 571,697 | mfu: 25.33 | epoch: 1 | total time: 7.10m
step 00467 (65.14%) | loss: 2.675605 | lrm: 0.70 | dt: 977.09ms | tok/sec: 536,581 | mfu: 23.77 | epoch: 1 | total time: 7.12m
step 00468 (65.27%) | loss: 2.649784 | lrm: 0.69 | dt: 929.45ms | tok/sec: 564,082 | mfu: 24.99 | epoch: 1 | total time: 7.13m
step 00469 (65.42%) | loss: 2.668752 | lrm: 0.69 | dt: 954.45ms | tok/sec: 549,308 | mfu: 24.34 | epoch: 1 | total time: 7.15m
step 00470 (65.56%) | loss: 2.676908 | lrm: 0.69 | dt: 860.11ms | tok/sec: 609,556 | mfu: 27.01 | epoch: 1 | total time: 7.16m
step 00471 (65.71%) | loss: 2.652492 | lrm: 0.69 | dt: 949.73ms | tok/sec: 552,036 | mfu: 24.46 | epoch: 1 | total time: 7.18m
step 00472 (65.84%) | loss: 2.629254 | lrm: 0.68 | dt: 895.90ms | tok/sec: 585,206 | mfu: 25.93 | epoch: 1 | total time: 7.19m
step 00473 (65.98%) | loss: 2.631955 | lrm: 0.68 | dt: 936.78ms | tok/sec: 559,670 | mfu: 24.80 | epoch: 1 | total time: 7.21m
step 00474 (66.12%) | loss: 2.659221 | lrm: 0.68 | dt: 972.87ms | tok/sec: 538,908 | mfu: 23.88 | epoch: 1 | total time: 7.22m
step 00475 (66.25%) | loss: 2.637598 | lrm: 0.68 | dt: 917.78ms | tok/sec: 571,256 | mfu: 25.31 | epoch: 1 | total time: 7.24m
step 00476 (66.39%) | loss: 2.628767 | lrm: 0.67 | dt: 887.82ms | tok/sec: 590,531 | mfu: 26.16 | epoch: 1 | total time: 7.25m
step 00477 (66.53%) | loss: 2.600983 | lrm: 0.67 | dt: 890.45ms | tok/sec: 588,787 | mfu: 26.09 | epoch: 1 | total time: 7.27m
step 00478 (66.67%) | loss: 2.619433 | lrm: 0.67 | dt: 925.42ms | tok/sec: 566,540 | mfu: 25.10 | epoch: 1 | total time: 7.28m
step 00479 (66.81%) | loss: 2.633831 | lrm: 0.66 | dt: 999.56ms | tok/sec: 524,516 | mfu: 23.24 | epoch: 1 | total time: 7.30m
step 00480 (66.94%) | loss: 2.626716 | lrm: 0.66 | dt: 964.80ms | tok/sec: 543,418 | mfu: 24.08 | epoch: 1 | total time: 7.32m
step 00481 (67.07%) | loss: 2.631022 | lrm: 0.66 | dt: 877.43ms | tok/sec: 597,525 | mfu: 26.47 | epoch: 1 | total time: 7.33m
step 00482 (67.20%) | loss: 2.599480 | lrm: 0.66 | dt: 918.45ms | tok/sec: 570,836 | mfu: 25.29 | epoch: 1 | total time: 7.35m
step 00483 (67.34%) | loss: 2.592209 | lrm: 0.65 | dt: 908.27ms | tok/sec: 577,240 | mfu: 25.58 | epoch: 1 | total time: 7.36m
step 00484 (67.49%) | loss: 2.572923 | lrm: 0.65 | dt: 939.42ms | tok/sec: 558,096 | mfu: 24.73 | epoch: 1 | total time: 7.38m
step 00485 (67.62%) | loss: 2.575615 | lrm: 0.65 | dt: 881.22ms | tok/sec: 594,959 | mfu: 26.36 | epoch: 1 | total time: 7.39m
step 00486 (67.77%) | loss: 2.575125 | lrm: 0.64 | dt: 972.87ms | tok/sec: 538,911 | mfu: 23.88 | epoch: 1 | total time: 7.41m
step 00487 (67.91%) | loss: 2.553077 | lrm: 0.64 | dt: 918.50ms | tok/sec: 570,809 | mfu: 25.29 | epoch: 1 | total time: 7.42m
step 00488 (68.05%) | loss: 2.584315 | lrm: 0.64 | dt: 955.41ms | tok/sec: 548,754 | mfu: 24.31 | epoch: 1 | total time: 7.44m
step 00489 (68.18%) | loss: 2.591736 | lrm: 0.64 | dt: 883.11ms | tok/sec: 593,684 | mfu: 26.30 | epoch: 1 | total time: 7.45m
step 00490 (68.33%) | loss: 2.608458 | lrm: 0.63 | dt: 914.43ms | tok/sec: 573,347 | mfu: 25.40 | epoch: 1 | total time: 7.47m
step 00491 (68.47%) | loss: 2.602814 | lrm: 0.63 | dt: 970.88ms | tok/sec: 540,011 | mfu: 23.93 | epoch: 1 | total time: 7.49m
step 00492 (68.62%) | loss: 2.624284 | lrm: 0.63 | dt: 988.29ms | tok/sec: 530,499 | mfu: 23.50 | epoch: 1 | total time: 7.50m
step 00493 (68.76%) | loss: 2.636814 | lrm: 0.62 | dt: 928.02ms | tok/sec: 564,953 | mfu: 25.03 | epoch: 1 | total time: 7.52m
step 00494 (68.92%) | loss: 2.621749 | lrm: 0.62 | dt: 1040.90ms | tok/sec: 503,685 | mfu: 22.32 | epoch: 1 | total time: 7.54m
step 00495 (69.04%) | loss: 2.645367 | lrm: 0.62 | dt: 894.76ms | tok/sec: 585,953 | mfu: 25.96 | epoch: 1 | total time: 7.55m
step 00496 (69.18%) | loss: 2.643561 | lrm: 0.62 | dt: 865.85ms | tok/sec: 605,519 | mfu: 26.83 | epoch: 1 | total time: 7.57m
step 00497 (69.34%) | loss: 2.623701 | lrm: 0.61 | dt: 973.01ms | tok/sec: 538,833 | mfu: 23.87 | epoch: 1 | total time: 7.58m
step 00498 (69.47%) | loss: 2.604186 | lrm: 0.61 | dt: 883.90ms | tok/sec: 593,156 | mfu: 26.28 | epoch: 1 | total time: 7.60m
step 00499 (69.60%) | loss: 2.595889 | lrm: 0.61 | dt: 866.66ms | tok/sec: 604,954 | mfu: 26.80 | epoch: 1 | total time: 7.61m
step 00500 (69.75%) | loss: 2.607141 | lrm: 0.60 | dt: 943.03ms | tok/sec: 555,959 | mfu: 24.63 | epoch: 1 | total time: 7.63m
Step 00500 | Validation bpb: 0.8078
step 00501 (69.90%) | loss: 2.649991 | lrm: 0.60 | dt: 955.22ms | tok/sec: 548,867 | mfu: 24.32 | epoch: 1 | total time: 7.64m
step 00502 (70.03%) | loss: 2.633647 | lrm: 0.60 | dt: 851.26ms | tok/sec: 615,893 | mfu: 27.29 | epoch: 1 | total time: 7.66m
step 00503 (70.17%) | loss: 2.634482 | lrm: 0.60 | dt: 939.98ms | tok/sec: 557,762 | mfu: 24.71 | epoch: 1 | total time: 7.67m
step 00504 (70.29%) | loss: 2.648830 | lrm: 0.59 | dt: 847.39ms | tok/sec: 618,710 | mfu: 27.41 | epoch: 1 | total time: 7.69m
step 00505 (70.43%) | loss: 2.668811 | lrm: 0.59 | dt: 967.90ms | tok/sec: 541,676 | mfu: 24.00 | epoch: 1 | total time: 7.70m
step 00506 (70.56%) | loss: 2.668798 | lrm: 0.59 | dt: 877.83ms | tok/sec: 597,253 | mfu: 26.46 | epoch: 1 | total time: 7.72m
step 00507 (70.71%) | loss: 2.648720 | lrm: 0.59 | dt: 947.26ms | tok/sec: 553,479 | mfu: 24.52 | epoch: 1 | total time: 7.73m
step 00508 (70.84%) | loss: 2.652556 | lrm: 0.58 | dt: 891.97ms | tok/sec: 587,784 | mfu: 26.04 | epoch: 1 | total time: 7.75m
step 00509 (70.97%) | loss: 2.633989 | lrm: 0.58 | dt: 924.64ms | tok/sec: 567,017 | mfu: 25.12 | epoch: 1 | total time: 7.76m
step 00510 (71.11%) | loss: 2.641455 | lrm: 0.58 | dt: 916.53ms | tok/sec: 572,032 | mfu: 25.34 | epoch: 1 | total time: 7.78m
step 00511 (71.24%) | loss: 2.634599 | lrm: 0.58 | dt: 882.73ms | tok/sec: 593,942 | mfu: 26.32 | epoch: 1 | total time: 7.79m
step 00512 (71.39%) | loss: 2.627257 | lrm: 0.57 | dt: 979.09ms | tok/sec: 535,485 | mfu: 23.73 | epoch: 1 | total time: 7.81m
step 00513 (71.53%) | loss: 2.600431 | lrm: 0.57 | dt: 1014.93ms | tok/sec: 516,573 | mfu: 22.89 | epoch: 1 | total time: 7.83m
step 00514 (71.67%) | loss: 2.613836 | lrm: 0.57 | dt: 1060.22ms | tok/sec: 494,507 | mfu: 21.91 | epoch: 1 | total time: 7.84m
step 00515 (71.80%) | loss: 2.611027 | lrm: 0.56 | dt: 1064.99ms | tok/sec: 492,293 | mfu: 21.81 | epoch: 1 | total time: 7.86m
step 00516 (71.95%) | loss: 2.577537 | lrm: 0.56 | dt: 1055.98ms | tok/sec: 496,492 | mfu: 22.00 | epoch: 1 | total time: 7.88m
step 00517 (72.09%) | loss: 2.602027 | lrm: 0.56 | dt: 969.96ms | tok/sec: 540,525 | mfu: 23.95 | epoch: 1 | total time: 7.90m
step 00518 (72.23%) | loss: 2.631173 | lrm: 0.56 | dt: 939.43ms | tok/sec: 558,090 | mfu: 24.73 | epoch: 1 | total time: 7.91m
step 00519 (72.37%) | loss: 2.638494 | lrm: 0.55 | dt: 953.11ms | tok/sec: 550,079 | mfu: 24.37 | epoch: 1 | total time: 7.93m
step 00520 (72.51%) | loss: 2.622901 | lrm: 0.55 | dt: 950.50ms | tok/sec: 551,591 | mfu: 24.44 | epoch: 1 | total time: 7.94m
step 00521 (72.65%) | loss: 2.626841 | lrm: 0.55 | dt: 923.40ms | tok/sec: 567,777 | mfu: 25.16 | epoch: 1 | total time: 7.96m
step 00522 (72.79%) | loss: 2.648543 | lrm: 0.54 | dt: 939.12ms | tok/sec: 558,276 | mfu: 24.74 | epoch: 1 | total time: 7.97m
step 00523 (72.92%) | loss: 2.672763 | lrm: 0.54 | dt: 900.18ms | tok/sec: 582,427 | mfu: 25.81 | epoch: 1 | total time: 7.99m
step 00524 (73.06%) | loss: 2.668655 | lrm: 0.54 | dt: 978.30ms | tok/sec: 535,917 | mfu: 23.74 | epoch: 1 | total time: 8.00m
step 00525 (73.20%) | loss: 2.657801 | lrm: 0.54 | dt: 915.98ms | tok/sec: 572,382 | mfu: 25.36 | epoch: 1 | total time: 8.02m
step 00526 (73.35%) | loss: 2.660015 | lrm: 0.53 | dt: 932.46ms | tok/sec: 562,264 | mfu: 24.91 | epoch: 1 | total time: 8.04m
step 00527 (73.49%) | loss: 2.633364 | lrm: 0.53 | dt: 958.51ms | tok/sec: 546,982 | mfu: 24.23 | epoch: 1 | total time: 8.05m
step 00528 (73.62%) | loss: 2.637769 | lrm: 0.53 | dt: 839.60ms | tok/sec: 624,451 | mfu: 27.67 | epoch: 1 | total time: 8.07m
step 00529 (73.77%) | loss: 2.637688 | lrm: 0.52 | dt: 998.53ms | tok/sec: 525,058 | mfu: 23.26 | epoch: 1 | total time: 8.08m
step 00530 (73.90%) | loss: 2.588474 | lrm: 0.52 | dt: 890.11ms | tok/sec: 589,011 | mfu: 26.10 | epoch: 1 | total time: 8.10m
step 00531 (74.04%) | loss: 2.575746 | lrm: 0.52 | dt: 955.53ms | tok/sec: 548,690 | mfu: 24.31 | epoch: 1 | total time: 8.11m
step 00532 (74.18%) | loss: 2.578691 | lrm: 0.52 | dt: 951.59ms | tok/sec: 550,960 | mfu: 24.41 | epoch: 1 | total time: 8.13m
step 00533 (74.32%) | loss: 2.588740 | lrm: 0.51 | dt: 904.39ms | tok/sec: 579,712 | mfu: 25.68 | epoch: 1 | total time: 8.14m
step 00534 (74.45%) | loss: 2.599213 | lrm: 0.51 | dt: 909.37ms | tok/sec: 576,536 | mfu: 25.54 | epoch: 1 | total time: 8.16m
step 00535 (74.59%) | loss: 2.589503 | lrm: 0.51 | dt: 958.73ms | tok/sec: 546,858 | mfu: 24.23 | epoch: 1 | total time: 8.18m
step 00536 (74.73%) | loss: 2.596423 | lrm: 0.51 | dt: 939.65ms | tok/sec: 557,961 | mfu: 24.72 | epoch: 1 | total time: 8.19m
step 00537 (74.87%) | loss: 2.590702 | lrm: 0.50 | dt: 972.15ms | tok/sec: 539,310 | mfu: 23.89 | epoch: 1 | total time: 8.21m
step 00538 (75.02%) | loss: 2.606909 | lrm: 0.50 | dt: 961.56ms | tok/sec: 545,245 | mfu: 24.16 | epoch: 1 | total time: 8.22m
step 00539 (75.16%) | loss: 2.589693 | lrm: 0.50 | dt: 946.93ms | tok/sec: 553,671 | mfu: 24.53 | epoch: 1 | total time: 8.24m
step 00540 (75.31%) | loss: 2.559892 | lrm: 0.49 | dt: 955.46ms | tok/sec: 548,727 | mfu: 24.31 | epoch: 1 | total time: 8.25m
step 00541 (75.45%) | loss: 2.580712 | lrm: 0.49 | dt: 914.48ms | tok/sec: 573,317 | mfu: 25.40 | epoch: 1 | total time: 8.27m
step 00542 (75.59%) | loss: 2.600113 | lrm: 0.49 | dt: 938.69ms | tok/sec: 558,531 | mfu: 24.75 | epoch: 1 | total time: 8.29m
step 00543 (75.72%) | loss: 2.586279 | lrm: 0.49 | dt: 894.60ms | tok/sec: 586,057 | mfu: 25.97 | epoch: 1 | total time: 8.30m
step 00544 (75.87%) | loss: 2.576251 | lrm: 0.48 | dt: 1040.51ms | tok/sec: 503,878 | mfu: 22.32 | epoch: 1 | total time: 8.32m
step 00545 (76.02%) | loss: 2.534059 | lrm: 0.48 | dt: 1022.31ms | tok/sec: 512,846 | mfu: 22.72 | epoch: 1 | total time: 8.34m
step 00546 (76.16%) | loss: 2.526649 | lrm: 0.48 | dt: 861.29ms | tok/sec: 608,722 | mfu: 26.97 | epoch: 1 | total time: 8.35m
step 00547 (76.29%) | loss: 2.519162 | lrm: 0.47 | dt: 933.60ms | tok/sec: 561,574 | mfu: 24.88 | epoch: 1 | total time: 8.36m
step 00548 (76.43%) | loss: 2.537691 | lrm: 0.47 | dt: 970.25ms | tok/sec: 540,363 | mfu: 23.94 | epoch: 1 | total time: 8.38m
step 00549 (76.57%) | loss: 2.539755 | lrm: 0.47 | dt: 921.18ms | tok/sec: 569,150 | mfu: 25.22 | epoch: 1 | total time: 8.40m
step 00550 (76.71%) | loss: 2.542588 | lrm: 0.47 | dt: 938.90ms | tok/sec: 558,404 | mfu: 24.74 | epoch: 1 | total time: 8.41m
Step 00550 | Validation bpb: 0.8001
step 00551 (76.84%) | loss: 2.563557 | lrm: 0.46 | dt: 916.41ms | tok/sec: 572,110 | mfu: 25.35 | epoch: 1 | total time: 8.43m
step 00552 (76.97%) | loss: 2.587744 | lrm: 0.46 | dt: 923.87ms | tok/sec: 567,488 | mfu: 25.14 | epoch: 1 | total time: 8.44m
step 00553 (77.11%) | loss: 2.580413 | lrm: 0.46 | dt: 895.27ms | tok/sec: 585,618 | mfu: 25.95 | epoch: 1 | total time: 8.46m
step 00554 (77.25%) | loss: 2.553702 | lrm: 0.46 | dt: 929.09ms | tok/sec: 564,305 | mfu: 25.00 | epoch: 1 | total time: 8.47m
step 00555 (77.39%) | loss: 2.558777 | lrm: 0.45 | dt: 894.66ms | tok/sec: 586,017 | mfu: 25.96 | epoch: 1 | total time: 8.49m
step 00556 (77.52%) | loss: 2.564421 | lrm: 0.45 | dt: 889.90ms | tok/sec: 589,156 | mfu: 26.10 | epoch: 1 | total time: 8.50m
step 00557 (77.66%) | loss: 2.573961 | lrm: 0.45 | dt: 894.59ms | tok/sec: 586,066 | mfu: 25.97 | epoch: 1 | total time: 8.52m
step 00558 (77.81%) | loss: 2.570574 | lrm: 0.44 | dt: 942.52ms | tok/sec: 556,263 | mfu: 24.65 | epoch: 1 | total time: 8.53m
step 00559 (77.94%) | loss: 2.565165 | lrm: 0.44 | dt: 909.00ms | tok/sec: 576,771 | mfu: 25.55 | epoch: 1 | total time: 8.55m
step 00560 (78.08%) | loss: 2.574468 | lrm: 0.44 | dt: 965.43ms | tok/sec: 543,060 | mfu: 24.06 | epoch: 1 | total time: 8.56m
step 00561 (78.21%) | loss: 2.543873 | lrm: 0.44 | dt: 897.61ms | tok/sec: 584,092 | mfu: 25.88 | epoch: 1 | total time: 8.58m
step 00562 (78.35%) | loss: 2.514338 | lrm: 0.43 | dt: 916.93ms | tok/sec: 571,785 | mfu: 25.33 | epoch: 1 | total time: 8.60m
step 00563 (78.47%) | loss: 2.515009 | lrm: 0.43 | dt: 841.40ms | tok/sec: 623,114 | mfu: 27.61 | epoch: 1 | total time: 8.61m
step 00564 (78.62%) | loss: 2.513843 | lrm: 0.43 | dt: 980.70ms | tok/sec: 534,605 | mfu: 23.69 | epoch: 1 | total time: 8.63m
step 00565 (78.75%) | loss: 2.520433 | lrm: 0.42 | dt: 989.63ms | tok/sec: 529,782 | mfu: 23.47 | epoch: 1 | total time: 8.64m
step 00566 (78.89%) | loss: 2.550753 | lrm: 0.42 | dt: 971.30ms | tok/sec: 539,781 | mfu: 23.92 | epoch: 1 | total time: 8.66m
step 00567 (79.04%) | loss: 2.533515 | lrm: 0.42 | dt: 1009.96ms | tok/sec: 519,118 | mfu: 23.00 | epoch: 1 | total time: 8.67m
step 00568 (79.17%) | loss: 2.528442 | lrm: 0.42 | dt: 894.92ms | tok/sec: 585,849 | mfu: 25.96 | epoch: 1 | total time: 8.69m
step 00569 (79.30%) | loss: 2.501239 | lrm: 0.41 | dt: 899.73ms | tok/sec: 582,718 | mfu: 25.82 | epoch: 1 | total time: 8.70m
step 00570 (79.44%) | loss: 2.511074 | lrm: 0.41 | dt: 928.33ms | tok/sec: 564,763 | mfu: 25.02 | epoch: 1 | total time: 8.72m
step 00571 (79.59%) | loss: 2.509445 | lrm: 0.41 | dt: 1017.27ms | tok/sec: 515,388 | mfu: 22.83 | epoch: 1 | total time: 8.74m
step 00572 (79.72%) | loss: 2.529954 | lrm: 0.41 | dt: 855.88ms | tok/sec: 612,573 | mfu: 27.14 | epoch: 1 | total time: 8.75m
step 00573 (79.87%) | loss: 2.536642 | lrm: 0.40 | dt: 974.29ms | tok/sec: 538,123 | mfu: 23.84 | epoch: 1 | total time: 8.77m
step 00574 (80.01%) | loss: 2.522856 | lrm: 0.40 | dt: 862.76ms | tok/sec: 607,687 | mfu: 26.92 | epoch: 1 | total time: 8.78m
step 00575 (80.15%) | loss: 2.540162 | lrm: 0.40 | dt: 989.43ms | tok/sec: 529,886 | mfu: 23.48 | epoch: 1 | total time: 8.80m
step 00576 (80.29%) | loss: 2.524830 | lrm: 0.39 | dt: 999.01ms | tok/sec: 524,807 | mfu: 23.25 | epoch: 1 | total time: 8.82m
step 00577 (80.43%) | loss: 2.527091 | lrm: 0.39 | dt: 975.22ms | tok/sec: 537,610 | mfu: 23.82 | epoch: 1 | total time: 8.83m
step 00578 (80.56%) | loss: 2.504953 | lrm: 0.39 | dt: 879.70ms | tok/sec: 595,984 | mfu: 26.41 | epoch: 1 | total time: 8.85m
step 00579 (80.70%) | loss: 2.523717 | lrm: 0.39 | dt: 930.12ms | tok/sec: 563,679 | mfu: 24.97 | epoch: 1 | total time: 8.86m
step 00580 (80.84%) | loss: 2.529334 | lrm: 0.38 | dt: 889.49ms | tok/sec: 589,423 | mfu: 26.12 | epoch: 1 | total time: 8.88m
step 00581 (80.99%) | loss: 2.530537 | lrm: 0.38 | dt: 934.18ms | tok/sec: 561,226 | mfu: 24.87 | epoch: 1 | total time: 8.89m
step 00582 (81.12%) | loss: 2.527810 | lrm: 0.38 | dt: 982.92ms | tok/sec: 533,398 | mfu: 23.63 | epoch: 1 | total time: 8.91m
step 00583 (81.25%) | loss: 2.550130 | lrm: 0.37 | dt: 901.37ms | tok/sec: 581,660 | mfu: 25.77 | epoch: 1 | total time: 8.92m
step 00584 (81.38%) | loss: 2.543136 | lrm: 0.37 | dt: 897.20ms | tok/sec: 584,359 | mfu: 25.89 | epoch: 1 | total time: 8.94m
step 00585 (81.53%) | loss: 2.560657 | lrm: 0.37 | dt: 965.68ms | tok/sec: 542,922 | mfu: 24.05 | epoch: 1 | total time: 8.95m
step 00586 (81.66%) | loss: 2.556761 | lrm: 0.37 | dt: 919.42ms | tok/sec: 570,236 | mfu: 25.27 | epoch: 1 | total time: 8.97m
step 00587 (81.81%) | loss: 2.564111 | lrm: 0.36 | dt: 927.74ms | tok/sec: 565,123 | mfu: 25.04 | epoch: 1 | total time: 8.99m
step 00588 (81.95%) | loss: 2.564730 | lrm: 0.36 | dt: 978.88ms | tok/sec: 535,600 | mfu: 23.73 | epoch: 1 | total time: 9.00m
step 00589 (82.08%) | loss: 2.579567 | lrm: 0.36 | dt: 934.43ms | tok/sec: 561,075 | mfu: 24.86 | epoch: 1 | total time: 9.02m
step 00590 (82.22%) | loss: 2.572746 | lrm: 0.36 | dt: 943.31ms | tok/sec: 555,796 | mfu: 24.63 | epoch: 1 | total time: 9.03m
step 00591 (82.36%) | loss: 2.554537 | lrm: 0.35 | dt: 918.33ms | tok/sec: 570,912 | mfu: 25.30 | epoch: 1 | total time: 9.05m
step 00592 (82.50%) | loss: 2.561269 | lrm: 0.35 | dt: 886.20ms | tok/sec: 591,611 | mfu: 26.21 | epoch: 1 | total time: 9.06m
step 00593 (82.63%) | loss: 2.563459 | lrm: 0.35 | dt: 897.98ms | tok/sec: 583,850 | mfu: 25.87 | epoch: 1 | total time: 9.08m
step 00594 (82.76%) | loss: 2.561686 | lrm: 0.34 | dt: 863.87ms | tok/sec: 606,909 | mfu: 26.89 | epoch: 1 | total time: 9.09m
step 00595 (82.90%) | loss: 2.567121 | lrm: 0.34 | dt: 994.20ms | tok/sec: 527,346 | mfu: 23.36 | epoch: 1 | total time: 9.11m
step 00596 (83.04%) | loss: 2.568821 | lrm: 0.34 | dt: 961.21ms | tok/sec: 545,448 | mfu: 24.17 | epoch: 1 | total time: 9.12m
step 00597 (83.19%) | loss: 2.566700 | lrm: 0.34 | dt: 1010.15ms | tok/sec: 519,020 | mfu: 23.00 | epoch: 1 | total time: 9.14m
step 00598 (83.34%) | loss: 2.585894 | lrm: 0.33 | dt: 1068.04ms | tok/sec: 490,885 | mfu: 21.75 | epoch: 1 | total time: 9.16m
step 00599 (83.49%) | loss: 2.591817 | lrm: 0.33 | dt: 967.39ms | tok/sec: 541,959 | mfu: 24.01 | epoch: 1 | total time: 9.18m
step 00600 (83.63%) | loss: 2.581139 | lrm: 0.33 | dt: 1032.21ms | tok/sec: 507,927 | mfu: 22.50 | epoch: 1 | total time: 9.19m
Step 00600 | Validation bpb: 0.7934
step 00601 (83.77%) | loss: 2.615478 | lrm: 0.32 | dt: 954.51ms | tok/sec: 549,275 | mfu: 24.34 | epoch: 1 | total time: 9.21m
step 00602 (83.90%) | loss: 2.581763 | lrm: 0.32 | dt: 945.70ms | tok/sec: 554,391 | mfu: 24.56 | epoch: 1 | total time: 9.22m
step 00603 (84.04%) | loss: 2.584274 | lrm: 0.32 | dt: 953.31ms | tok/sec: 549,964 | mfu: 24.37 | epoch: 1 | total time: 9.24m
step 00604 (84.19%) | loss: 2.568457 | lrm: 0.32 | dt: 1067.08ms | tok/sec: 491,329 | mfu: 21.77 | epoch: 1 | total time: 9.26m
step 00605 (84.34%) | loss: 2.554495 | lrm: 0.31 | dt: 1023.81ms | tok/sec: 512,095 | mfu: 22.69 | epoch: 1 | total time: 9.28m
step 00606 (84.48%) | loss: 2.576025 | lrm: 0.31 | dt: 999.66ms | tok/sec: 524,467 | mfu: 23.24 | epoch: 1 | total time: 9.29m
step 00607 (84.62%) | loss: 2.569152 | lrm: 0.31 | dt: 1013.33ms | tok/sec: 517,388 | mfu: 22.92 | epoch: 1 | total time: 9.31m
step 00608 (84.75%) | loss: 2.563721 | lrm: 0.30 | dt: 1029.40ms | tok/sec: 509,313 | mfu: 22.57 | epoch: 1 | total time: 9.33m
step 00609 (84.87%) | loss: 2.541637 | lrm: 0.30 | dt: 959.92ms | tok/sec: 546,178 | mfu: 24.20 | epoch: 1 | total time: 9.34m
step 00610 (85.01%) | loss: 2.550041 | lrm: 0.30 | dt: 992.82ms | tok/sec: 528,080 | mfu: 23.40 | epoch: 1 | total time: 9.36m
step 00611 (85.17%) | loss: 2.552134 | lrm: 0.30 | dt: 1022.46ms | tok/sec: 512,770 | mfu: 22.72 | epoch: 1 | total time: 9.38m
step 00612 (85.31%) | loss: 2.536146 | lrm: 0.29 | dt: 988.91ms | tok/sec: 530,166 | mfu: 23.49 | epoch: 1 | total time: 9.39m
step 00613 (85.45%) | loss: 2.541557 | lrm: 0.29 | dt: 986.48ms | tok/sec: 531,475 | mfu: 23.55 | epoch: 1 | total time: 9.41m
step 00614 (85.57%) | loss: 2.559660 | lrm: 0.29 | dt: 941.79ms | tok/sec: 556,691 | mfu: 24.66 | epoch: 1 | total time: 9.42m
step 00615 (85.71%) | loss: 2.559973 | lrm: 0.29 | dt: 972.27ms | tok/sec: 539,240 | mfu: 23.89 | epoch: 1 | total time: 9.44m
step 00616 (85.87%) | loss: 2.581256 | lrm: 0.28 | dt: 1062.33ms | tok/sec: 493,527 | mfu: 21.87 | epoch: 1 | total time: 9.46m
step 00617 (86.01%) | loss: 2.610734 | lrm: 0.28 | dt: 1007.13ms | tok/sec: 520,576 | mfu: 23.06 | epoch: 1 | total time: 9.47m
step 00618 (86.15%) | loss: 2.587442 | lrm: 0.28 | dt: 946.42ms | tok/sec: 553,972 | mfu: 24.54 | epoch: 1 | total time: 9.49m
step 00619 (86.29%) | loss: 2.547054 | lrm: 0.27 | dt: 1004.02ms | tok/sec: 522,188 | mfu: 23.14 | epoch: 1 | total time: 9.51m
step 00620 (86.43%) | loss: 2.556951 | lrm: 0.27 | dt: 979.82ms | tok/sec: 535,087 | mfu: 23.71 | epoch: 1 | total time: 9.52m
step 00621 (86.56%) | loss: 2.593271 | lrm: 0.27 | dt: 978.69ms | tok/sec: 535,701 | mfu: 23.73 | epoch: 1 | total time: 9.54m
step 00622 (86.70%) | loss: 2.552281 | lrm: 0.27 | dt: 975.34ms | tok/sec: 537,544 | mfu: 23.82 | epoch: 1 | total time: 9.56m
step 00623 (86.85%) | loss: 2.570575 | lrm: 0.26 | dt: 1022.95ms | tok/sec: 512,524 | mfu: 22.71 | epoch: 1 | total time: 9.57m
step 00624 (86.98%) | loss: 2.566274 | lrm: 0.26 | dt: 926.09ms | tok/sec: 566,130 | mfu: 25.08 | epoch: 1 | total time: 9.59m
step 00625 (87.12%) | loss: 2.558229 | lrm: 0.26 | dt: 1044.56ms | tok/sec: 501,919 | mfu: 22.24 | epoch: 1 | total time: 9.61m
step 00626 (87.27%) | loss: 2.596826 | lrm: 0.25 | dt: 1037.90ms | tok/sec: 505,143 | mfu: 22.38 | epoch: 1 | total time: 9.62m
step 00627 (87.40%) | loss: 2.584365 | lrm: 0.25 | dt: 927.31ms | tok/sec: 565,382 | mfu: 25.05 | epoch: 1 | total time: 9.64m
step 00628 (87.53%) | loss: 2.585547 | lrm: 0.25 | dt: 968.87ms | tok/sec: 541,130 | mfu: 23.98 | epoch: 1 | total time: 9.66m
step 00629 (87.66%) | loss: 2.586739 | lrm: 0.25 | dt: 911.42ms | tok/sec: 575,243 | mfu: 25.49 | epoch: 1 | total time: 9.67m
step 00630 (87.80%) | loss: 2.589770 | lrm: 0.24 | dt: 946.83ms | tok/sec: 553,727 | mfu: 24.53 | epoch: 1 | total time: 9.69m
step 00631 (87.95%) | loss: 2.604689 | lrm: 0.24 | dt: 962.85ms | tok/sec: 544,519 | mfu: 24.13 | epoch: 1 | total time: 9.70m
step 00632 (88.09%) | loss: 2.579780 | lrm: 0.24 | dt: 992.72ms | tok/sec: 528,133 | mfu: 23.40 | epoch: 1 | total time: 9.72m
step 00633 (88.23%) | loss: 2.577228 | lrm: 0.24 | dt: 970.35ms | tok/sec: 540,307 | mfu: 23.94 | epoch: 1 | total time: 9.73m
step 00634 (88.37%) | loss: 2.565573 | lrm: 0.23 | dt: 929.17ms | tok/sec: 564,254 | mfu: 25.00 | epoch: 1 | total time: 9.75m
step 00635 (88.50%) | loss: 2.553950 | lrm: 0.23 | dt: 953.21ms | tok/sec: 550,024 | mfu: 24.37 | epoch: 1 | total time: 9.77m
step 00636 (88.64%) | loss: 2.544221 | lrm: 0.23 | dt: 921.04ms | tok/sec: 569,231 | mfu: 25.22 | epoch: 1 | total time: 9.78m
step 00637 (88.79%) | loss: 2.513921 | lrm: 0.22 | dt: 929.31ms | tok/sec: 564,167 | mfu: 25.00 | epoch: 1 | total time: 9.80m
step 00638 (88.91%) | loss: 2.514487 | lrm: 0.22 | dt: 908.24ms | tok/sec: 577,257 | mfu: 25.58 | epoch: 1 | total time: 9.81m
step 00639 (89.06%) | loss: 2.512952 | lrm: 0.22 | dt: 905.42ms | tok/sec: 579,057 | mfu: 25.66 | epoch: 1 | total time: 9.83m
step 00640 (89.20%) | loss: 2.521317 | lrm: 0.22 | dt: 910.92ms | tok/sec: 575,561 | mfu: 25.50 | epoch: 1 | total time: 9.84m
step 00641 (89.33%) | loss: 2.489810 | lrm: 0.21 | dt: 906.42ms | tok/sec: 578,413 | mfu: 25.63 | epoch: 1 | total time: 9.86m
step 00642 (89.47%) | loss: 2.498734 | lrm: 0.21 | dt: 917.45ms | tok/sec: 571,459 | mfu: 25.32 | epoch: 1 | total time: 9.87m
step 00643 (89.61%) | loss: 2.505518 | lrm: 0.21 | dt: 942.97ms | tok/sec: 555,998 | mfu: 24.63 | epoch: 1 | total time: 9.89m
step 00644 (89.74%) | loss: 2.500600 | lrm: 0.21 | dt: 891.87ms | tok/sec: 587,851 | mfu: 26.05 | epoch: 1 | total time: 9.90m
step 00645 (89.88%) | loss: 2.468817 | lrm: 0.20 | dt: 917.54ms | tok/sec: 571,408 | mfu: 25.32 | epoch: 1 | total time: 9.92m
step 00646 (90.03%) | loss: 2.446839 | lrm: 0.20 | dt: 962.06ms | tok/sec: 544,963 | mfu: 24.15 | epoch: 1 | total time: 9.93m
step 00647 (90.17%) | loss: 2.465535 | lrm: 0.20 | dt: 919.45ms | tok/sec: 570,218 | mfu: 25.26 | epoch: 1 | total time: 9.95m
step 00648 (90.31%) | loss: 2.479473 | lrm: 0.19 | dt: 977.35ms | tok/sec: 536,437 | mfu: 23.77 | epoch: 1 | total time: 9.97m
step 00649 (90.45%) | loss: 2.468949 | lrm: 0.19 | dt: 926.43ms | tok/sec: 565,922 | mfu: 25.07 | epoch: 1 | total time: 9.98m
step 00650 (90.59%) | loss: 2.471385 | lrm: 0.19 | dt: 925.51ms | tok/sec: 566,487 | mfu: 25.10 | epoch: 1 | total time: 10.00m
Step 00650 | Validation bpb: 0.7883
step 00651 (90.73%) | loss: 2.446641 | lrm: 0.19 | dt: 917.56ms | tok/sec: 571,395 | mfu: 25.32 | epoch: 1 | total time: 10.01m
step 00652 (90.87%) | loss: 2.435181 | lrm: 0.18 | dt: 922.68ms | tok/sec: 568,220 | mfu: 25.18 | epoch: 1 | total time: 10.03m
step 00653 (91.02%) | loss: 2.457208 | lrm: 0.18 | dt: 1000.37ms | tok/sec: 524,091 | mfu: 23.22 | epoch: 1 | total time: 10.04m
step 00654 (91.17%) | loss: 2.486298 | lrm: 0.18 | dt: 952.47ms | tok/sec: 550,450 | mfu: 24.39 | epoch: 1 | total time: 10.06m
step 00655 (91.29%) | loss: 2.495225 | lrm: 0.17 | dt: 882.31ms | tok/sec: 594,219 | mfu: 26.33 | epoch: 1 | total time: 10.08m
step 00656 (91.43%) | loss: 2.511460 | lrm: 0.17 | dt: 900.90ms | tok/sec: 581,961 | mfu: 25.78 | epoch: 1 | total time: 10.09m
step 00657 (91.57%) | loss: 2.503746 | lrm: 0.17 | dt: 960.88ms | tok/sec: 545,630 | mfu: 24.17 | epoch: 1 | total time: 10.11m
step 00658 (91.71%) | loss: 2.506451 | lrm: 0.17 | dt: 927.66ms | tok/sec: 565,172 | mfu: 25.04 | epoch: 1 | total time: 10.12m
step 00659 (91.85%) | loss: 2.538011 | lrm: 0.16 | dt: 882.82ms | tok/sec: 593,881 | mfu: 26.31 | epoch: 1 | total time: 10.14m
step 00660 (92.00%) | loss: 2.504311 | lrm: 0.16 | dt: 1007.83ms | tok/sec: 520,213 | mfu: 23.05 | epoch: 1 | total time: 10.15m
step 00661 (92.15%) | loss: 2.516285 | lrm: 0.16 | dt: 932.94ms | tok/sec: 561,974 | mfu: 24.90 | epoch: 1 | total time: 10.17m
step 00662 (92.28%) | loss: 2.547546 | lrm: 0.15 | dt: 874.32ms | tok/sec: 599,649 | mfu: 26.57 | epoch: 1 | total time: 10.18m
step 00663 (92.43%) | loss: 2.504140 | lrm: 0.15 | dt: 981.46ms | tok/sec: 534,193 | mfu: 23.67 | epoch: 1 | total time: 10.20m
step 00664 (92.56%) | loss: 2.510198 | lrm: 0.15 | dt: 925.51ms | tok/sec: 566,485 | mfu: 25.10 | epoch: 1 | total time: 10.22m
step 00665 (92.71%) | loss: 2.484961 | lrm: 0.15 | dt: 908.11ms | tok/sec: 577,339 | mfu: 25.58 | epoch: 1 | total time: 10.23m
step 00666 (92.84%) | loss: 2.478246 | lrm: 0.14 | dt: 894.80ms | tok/sec: 585,928 | mfu: 25.96 | epoch: 1 | total time: 10.25m
step 00667 (92.98%) | loss: 2.507945 | lrm: 0.14 | dt: 978.47ms | tok/sec: 535,822 | mfu: 23.74 | epoch: 1 | total time: 10.26m
step 00668 (93.11%) | loss: 2.524074 | lrm: 0.14 | dt: 823.86ms | tok/sec: 636,376 | mfu: 28.20 | epoch: 1 | total time: 10.28m
step 00669 (93.26%) | loss: 2.504194 | lrm: 0.13 | dt: 963.07ms | tok/sec: 544,393 | mfu: 24.12 | epoch: 1 | total time: 10.29m
step 00670 (93.40%) | loss: 2.534976 | lrm: 0.13 | dt: 759.48ms | tok/sec: 690,322 | mfu: 30.59 | epoch: 1 | total time: 10.30m
step 00671 (93.54%) | loss: 2.512965 | lrm: 0.13 | dt: 698.26ms | tok/sec: 750,846 | mfu: 33.27 | epoch: 1 | total time: 10.32m
step 00672 (93.68%) | loss: 2.512328 | lrm: 0.13 | dt: 880.21ms | tok/sec: 595,636 | mfu: 26.39 | epoch: 1 | total time: 10.33m
step 00673 (93.81%) | loss: 2.529222 | lrm: 0.12 | dt: 939.35ms | tok/sec: 558,140 | mfu: 24.73 | epoch: 1 | total time: 10.35m
step 00674 (93.95%) | loss: 2.542745 | lrm: 0.12 | dt: 823.71ms | tok/sec: 636,498 | mfu: 28.20 | epoch: 1 | total time: 10.36m
step 00675 (94.09%) | loss: 2.570886 | lrm: 0.12 | dt: 678.85ms | tok/sec: 772,315 | mfu: 34.22 | epoch: 1 | total time: 10.37m
step 00676 (94.23%) | loss: 2.559817 | lrm: 0.12 | dt: 705.23ms | tok/sec: 743,426 | mfu: 32.94 | epoch: 1 | total time: 10.38m
step 00677 (94.38%) | loss: 2.531364 | lrm: 0.11 | dt: 764.47ms | tok/sec: 685,819 | mfu: 30.39 | epoch: 1 | total time: 10.40m
step 00678 (94.53%) | loss: 2.503661 | lrm: 0.11 | dt: 697.76ms | tok/sec: 751,388 | mfu: 33.29 | epoch: 1 | total time: 10.41m
step 00679 (94.66%) | loss: 2.502934 | lrm: 0.11 | dt: 697.66ms | tok/sec: 751,499 | mfu: 33.30 | epoch: 1 | total time: 10.42m
step 00680 (94.80%) | loss: 2.517462 | lrm: 0.10 | dt: 705.66ms | tok/sec: 742,978 | mfu: 32.92 | epoch: 1 | total time: 10.43m
step 00681 (94.95%) | loss: 2.520040 | lrm: 0.10 | dt: 732.27ms | tok/sec: 715,972 | mfu: 31.72 | epoch: 1 | total time: 10.44m
step 00682 (95.09%) | loss: 2.495832 | lrm: 0.10 | dt: 688.50ms | tok/sec: 761,493 | mfu: 33.74 | epoch: 1 | total time: 10.45m
step 00683 (95.23%) | loss: 2.512767 | lrm: 0.10 | dt: 693.79ms | tok/sec: 755,683 | mfu: 33.48 | epoch: 1 | total time: 10.47m
step 00684 (95.37%) | loss: 2.551679 | lrm: 0.09 | dt: 721.83ms | tok/sec: 726,335 | mfu: 32.18 | epoch: 1 | total time: 10.48m
step 00685 (95.50%) | loss: 2.525489 | lrm: 0.09 | dt: 723.56ms | tok/sec: 724,595 | mfu: 32.10 | epoch: 1 | total time: 10.49m
step 00686 (95.66%) | loss: 2.507356 | lrm: 0.09 | dt: 765.01ms | tok/sec: 685,331 | mfu: 30.36 | epoch: 1 | total time: 10.50m
step 00687 (95.80%) | loss: 2.532418 | lrm: 0.08 | dt: 732.86ms | tok/sec: 715,396 | mfu: 31.70 | epoch: 1 | total time: 10.51m
step 00688 (95.95%) | loss: 2.531298 | lrm: 0.08 | dt: 782.35ms | tok/sec: 670,148 | mfu: 29.69 | epoch: 1 | total time: 10.53m
step 00689 (96.10%) | loss: 2.548982 | lrm: 0.08 | dt: 752.18ms | tok/sec: 697,020 | mfu: 30.88 | epoch: 1 | total time: 10.54m
step 00690 (96.23%) | loss: 2.537281 | lrm: 0.08 | dt: 703.14ms | tok/sec: 745,641 | mfu: 33.04 | epoch: 1 | total time: 10.55m
step 00691 (96.37%) | loss: 2.547031 | lrm: 0.07 | dt: 722.58ms | tok/sec: 725,579 | mfu: 32.15 | epoch: 1 | total time: 10.56m
step 00692 (96.51%) | loss: 2.558783 | lrm: 0.07 | dt: 721.19ms | tok/sec: 726,976 | mfu: 32.21 | epoch: 1 | total time: 10.58m
step 00693 (96.65%) | loss: 2.537249 | lrm: 0.07 | dt: 723.41ms | tok/sec: 724,743 | mfu: 32.11 | epoch: 1 | total time: 10.59m
step 00694 (96.79%) | loss: 2.542186 | lrm: 0.06 | dt: 729.72ms | tok/sec: 718,474 | mfu: 31.83 | epoch: 1 | total time: 10.60m
step 00695 (96.93%) | loss: 2.536577 | lrm: 0.06 | dt: 703.92ms | tok/sec: 744,811 | mfu: 33.00 | epoch: 1 | total time: 10.61m
step 00696 (97.06%) | loss: 2.529102 | lrm: 0.06 | dt: 684.05ms | tok/sec: 766,446 | mfu: 33.96 | epoch: 1 | total time: 10.62m
step 00697 (97.19%) | loss: 2.550857 | lrm: 0.06 | dt: 711.50ms | tok/sec: 736,881 | mfu: 32.65 | epoch: 1 | total time: 10.64m
step 00698 (97.34%) | loss: 2.569042 | lrm: 0.05 | dt: 756.24ms | tok/sec: 693,286 | mfu: 30.72 | epoch: 1 | total time: 10.65m
step 00699 (97.48%) | loss: 2.549336 | lrm: 0.05 | dt: 768.30ms | tok/sec: 682,403 | mfu: 30.23 | epoch: 1 | total time: 10.66m
step 00700 (97.61%) | loss: 2.537859 | lrm: 0.05 | dt: 716.35ms | tok/sec: 731,888 | mfu: 32.43 | epoch: 1 | total time: 10.67m
Step 00700 | Validation bpb: 0.7849
step 00701 (97.76%) | loss: 2.521705 | lrm: 0.04 | dt: 780.51ms | tok/sec: 671,725 | mfu: 29.76 | epoch: 1 | total time: 10.69m
step 00702 (97.91%) | loss: 2.484227 | lrm: 0.04 | dt: 845.12ms | tok/sec: 620,370 | mfu: 27.49 | epoch: 1 | total time: 10.70m
step 00703 (98.04%) | loss: 2.507382 | lrm: 0.04 | dt: 706.86ms | tok/sec: 741,714 | mfu: 32.86 | epoch: 1 | total time: 10.71m
step 00704 (98.18%) | loss: 2.536968 | lrm: 0.04 | dt: 735.22ms | tok/sec: 713,101 | mfu: 31.59 | epoch: 1 | total time: 10.72m
step 00705 (98.32%) | loss: 2.538931 | lrm: 0.03 | dt: 723.42ms | tok/sec: 724,732 | mfu: 32.11 | epoch: 1 | total time: 10.74m
step 00706 (98.45%) | loss: 2.532228 | lrm: 0.03 | dt: 703.21ms | tok/sec: 745,560 | mfu: 33.03 | epoch: 1 | total time: 10.75m
step 00707 (98.59%) | loss: 2.516515 | lrm: 0.03 | dt: 799.03ms | tok/sec: 656,158 | mfu: 29.07 | epoch: 1 | total time: 10.76m
step 00708 (98.72%) | loss: 2.543348 | lrm: 0.03 | dt: 853.54ms | tok/sec: 614,251 | mfu: 27.22 | epoch: 1 | total time: 10.78m
step 00709 (98.87%) | loss: 2.523169 | lrm: 0.02 | dt: 856.37ms | tok/sec: 612,223 | mfu: 27.13 | epoch: 1 | total time: 10.79m
step 00710 (99.01%) | loss: 2.528521 | lrm: 0.02 | dt: 880.08ms | tok/sec: 595,728 | mfu: 26.39 | epoch: 1 | total time: 10.80m
step 00711 (99.16%) | loss: 2.503342 | lrm: 0.02 | dt: 879.61ms | tok/sec: 596,048 | mfu: 26.41 | epoch: 1 | total time: 10.82m
step 00712 (99.30%) | loss: 2.452384 | lrm: 0.01 | dt: 969.75ms | tok/sec: 540,641 | mfu: 23.95 | epoch: 1 | total time: 10.83m
step 00713 (99.44%) | loss: 2.455828 | lrm: 0.01 | dt: 797.86ms | tok/sec: 657,120 | mfu: 29.11 | epoch: 1 | total time: 10.85m
step 00714 (99.57%) | loss: 2.478327 | lrm: 0.01 | dt: 672.53ms | tok/sec: 779,576 | mfu: 34.54 | epoch: 1 | total time: 10.86m
step 00715 (99.71%) | loss: 2.499259 | lrm: 0.01 | dt: 656.61ms | tok/sec: 798,474 | mfu: 35.38 | epoch: 1 | total time: 10.87m
step 00716 (99.85%) | loss: 2.512048 | lrm: 0.00 | dt: 652.73ms | tok/sec: 803,228 | mfu: 35.59 | epoch: 1 | total time: 10.88m
step 00717 (99.98%) | loss: 2.534453 | lrm: 0.00 | dt: 618.04ms | tok/sec: 848,309 | mfu: 37.59 | epoch: 2 | total time: 10.89m
step 00718 (100.13%) | loss: 2.536551 | lrm: -0.00 | dt: 668.20ms | tok/sec: 784,625 | mfu: 34.76 | epoch: 2 | total time: 10.90m
Step 00718 | Validation bpb: 0.7846
2026-09-15 22:59:52,149 - nanochat.checkpoint_manager - [32m[1mINFO[0m - Saved model parameters to: /local/s4414268/nanochat/results/task2_models/vocab_32768/chatsft_checkpoints/d2_bpb_sft/model_000718.pt
2026-09-15 22:59:52,150 - nanochat.checkpoint_manager - [32m[1mINFO[0m - Saved metadata to: /local/s4414268/nanochat/results/task2_models/vocab_32768/chatsft_checkpoints/d2_bpb_sft/meta_000718.json
2026-09-15 22:59:52,226 - nanochat.checkpoint_manager - [32m[1mINFO[0m - Saved optimizer state to: /local/s4414268/nanochat/results/task2_models/vocab_32768/chatsft_checkpoints/d2_bpb_sft/optim_000718_rank0.pt
Peak memory usage: 1356.62MiB
Total training time: 10.90m
Minimum validation bpb: 0.7846
